// Jest Snapshot v1, https://goo.gl/fbAQLP

exports[`chartModelMigration upgradeChartModel should upgrade 22.1.0 successfully 1`] = `
Object {
  "cellRange": Object {
    "columns": Array [
      "country",
      "sugar",
      "fat",
      "weight",
    ],
    "rowEndIndex": 0,
    "rowStartIndex": 9,
  },
  "chartId": "id-5pp8g14lddr",
  "chartOptions": Object {
    "column": Object {
      "axes": Object {
        "category": Object {
          "bottom": Object {},
          "left": Object {},
          "right": Object {},
          "top": Object {},
        },
        "groupedCategory": Object {
          "bottom": Object {},
          "gridStyle": Array [
            Object {
              "lineDash": Array [
                4,
                2,
              ],
              "stroke": "rgb(219, 219, 219)",
            },
          ],
          "label": Object {
            "color": "rgb(87, 87, 87)",
            "fontFamily": "Verdana, sans-serif",
            "fontSize": 12,
            "fontStyle": "normal",
            "fontWeight": "normal",
            "padding": 5,
          },
          "left": Object {},
          "line": Object {
            "color": "rgba(195, 195, 195, 1)",
            "width": 1,
          },
          "right": Object {},
          "tick": Object {
            "color": "rgba(195, 195, 195, 1)",
            "size": 6,
            "width": 1,
          },
          "title": Object {
            "color": "rgb(87, 87, 87)",
            "enabled": false,
            "fontFamily": "Verdana, sans-serif",
            "fontSize": 14,
            "fontStyle": "normal",
            "fontWeight": "normal",
          },
          "top": Object {},
        },
        "log": Object {
          "bottom": Object {},
          "left": Object {},
          "right": Object {},
          "top": Object {},
        },
        "number": Object {
          "bottom": Object {},
          "gridStyle": Array [
            Object {
              "lineDash": Array [
                4,
                2,
              ],
              "stroke": "rgb(219, 219, 219)",
            },
          ],
          "label": Object {
            "color": "rgb(87, 87, 87)",
            "fontFamily": "Verdana, sans-serif",
            "fontSize": 12,
            "fontStyle": "normal",
            "fontWeight": "normal",
            "padding": 5,
          },
          "left": Object {},
          "line": Object {
            "color": "rgba(195, 195, 195, 1)",
            "width": 1,
          },
          "right": Object {},
          "tick": Object {
            "color": "rgba(195, 195, 195, 1)",
            "size": 6,
            "width": 1,
          },
          "title": Object {
            "color": "rgb(87, 87, 87)",
            "enabled": false,
            "fontFamily": "Verdana, sans-serif",
            "fontSize": 14,
            "fontStyle": "normal",
            "fontWeight": "normal",
          },
          "top": Object {},
        },
        "time": Object {
          "bottom": Object {},
          "left": Object {},
          "right": Object {},
          "top": Object {},
        },
      },
      "background": Object {
        "fill": "white",
        "visible": true,
      },
      "legend": Object {
        "enabled": true,
        "item": Object {
          "label": Object {
            "color": "rgb(87, 87, 87)",
            "fontFamily": "Verdana, sans-serif",
            "fontSize": 12,
            "fontStyle": "normal",
            "fontWeight": "normal",
          },
          "marker": Object {
            "padding": 8,
            "shape": "square",
            "size": 15,
            "strokeWidth": 1,
          },
          "paddingX": 16,
          "paddingY": 8,
        },
        "position": "right",
        "spacing": 20,
      },
      "padding": Object {
        "bottom": 20,
        "left": 20,
        "right": 20,
        "top": 20,
      },
      "series": Object {
        "highlightStyle": Object {
          "item": Object {
            "fill": "yellow",
          },
        },
        "label": Object {
          "color": "rgb(87, 87, 87)",
          "enabled": false,
          "fontFamily": "Verdana, sans-serif",
          "fontSize": 12,
          "fontStyle": "normal",
          "fontWeight": "normal",
        },
        "shadow": Object {
          "blur": 5,
          "color": "rgba(0, 0, 0, 0.5)",
          "enabled": false,
          "xOffset": 3,
          "yOffset": 3,
        },
        "tooltip": Object {
          "enabled": true,
        },
      },
      "subtitle": Object {
        "color": "rgb(87, 87, 87)",
        "enabled": false,
        "fontFamily": "Verdana, sans-serif",
        "fontSize": 12,
        "fontStyle": "normal",
        "fontWeight": "normal",
      },
      "title": Object {
        "color": "rgb(87, 87, 87)",
        "enabled": false,
        "fontFamily": "Verdana, sans-serif",
        "fontSize": 16,
        "fontStyle": "normal",
        "fontWeight": "bold",
      },
    },
  },
  "chartThemeName": "ag-default",
  "chartType": "groupedColumn",
  "version": "28.2.0",
}
`;

exports[`chartModelMigration upgradeChartModel should upgrade 22.1.0-doughnut successfully 1`] = `
Object {
  "cellRange": Object {
    "columns": Array [
      "country",
      "sugar",
      "fat",
      "weight",
    ],
    "rowEndIndex": 12,
    "rowStartIndex": 0,
  },
  "chartId": "id-88hjk9w5qz5",
  "chartOptions": Object {
    "pie": Object {
      "background": Object {
        "fill": "white",
        "visible": true,
      },
      "legend": Object {
        "enabled": true,
        "item": Object {
          "label": Object {
            "color": "rgb(87, 87, 87)",
            "fontFamily": "Verdana, sans-serif",
            "fontSize": 12,
            "fontStyle": "normal",
            "fontWeight": "normal",
          },
          "marker": Object {
            "padding": 8,
            "shape": "square",
            "size": 15,
            "strokeWidth": 1,
          },
          "paddingX": 16,
          "paddingY": 8,
        },
        "position": "right",
        "spacing": 20,
      },
      "padding": Object {
        "bottom": 20,
        "left": 20,
        "right": 20,
        "top": 20,
      },
      "series": Object {
        "calloutLabel": Object {
          "color": "rgb(87, 87, 87)",
          "enabled": false,
          "fontFamily": "Verdana, sans-serif",
          "fontSize": 12,
          "fontStyle": "normal",
          "fontWeight": "normal",
          "minAngle": 0,
          "offset": 3,
        },
        "calloutLine": Object {
          "length": 10,
          "strokeWidth": 2,
        },
        "highlightStyle": Object {
          "item": Object {
            "fill": "yellow",
          },
        },
        "shadow": Object {
          "blur": 5,
          "color": "rgba(0, 0, 0, 0.5)",
          "enabled": false,
          "xOffset": 3,
          "yOffset": 3,
        },
        "title": Object {
          "color": "rgb(87, 87, 87)",
          "enabled": true,
          "fontFamily": "Verdana, sans-serif",
          "fontSize": 12,
          "fontStyle": "normal",
          "fontWeight": "bold",
        },
        "tooltip": Object {
          "enabled": true,
        },
      },
      "subtitle": Object {
        "color": "rgb(87, 87, 87)",
        "enabled": false,
        "fontFamily": "Verdana, sans-serif",
        "fontSize": 12,
        "fontStyle": "normal",
        "fontWeight": "normal",
      },
      "title": Object {
        "color": "rgb(87, 87, 87)",
        "enabled": false,
        "fontFamily": "Verdana, sans-serif",
        "fontSize": 16,
        "fontStyle": "normal",
        "fontWeight": "bold",
      },
    },
  },
  "chartThemeName": "ag-vivid",
  "chartType": "doughnut",
  "version": "28.2.0",
}
`;

exports[`chartModelMigration upgradeChartModel should upgrade 22.1.0-pie successfully 1`] = `
Object {
  "cellRange": Object {
    "columns": Array [
      "country",
      "sugar",
      "fat",
      "weight",
    ],
    "rowEndIndex": 12,
    "rowStartIndex": 0,
  },
  "chartId": "id-88hjk9w5qz5",
  "chartOptions": Object {
    "pie": Object {
      "background": Object {
        "fill": "white",
        "visible": true,
      },
      "legend": Object {
        "enabled": true,
        "item": Object {
          "label": Object {
            "color": "rgb(87, 87, 87)",
            "fontFamily": "Verdana, sans-serif",
            "fontSize": 12,
            "fontStyle": "normal",
            "fontWeight": "normal",
          },
          "marker": Object {
            "padding": 8,
            "shape": "square",
            "size": 15,
            "strokeWidth": 1,
          },
          "paddingX": 16,
          "paddingY": 8,
        },
        "position": "right",
        "spacing": 20,
      },
      "padding": Object {
        "bottom": 20,
        "left": 20,
        "right": 20,
        "top": 20,
      },
      "series": Object {
        "calloutLabel": Object {
          "color": "rgb(87, 87, 87)",
          "enabled": false,
          "fontFamily": "Verdana, sans-serif",
          "fontSize": 12,
          "fontStyle": "normal",
          "fontWeight": "normal",
          "minAngle": 0,
          "offset": 3,
        },
        "calloutLine": Object {
          "length": 10,
          "strokeWidth": 2,
        },
        "highlightStyle": Object {
          "item": Object {
            "fill": "yellow",
          },
        },
        "shadow": Object {
          "blur": 5,
          "color": "rgba(0, 0, 0, 0.5)",
          "enabled": false,
          "xOffset": 3,
          "yOffset": 3,
        },
        "title": Object {
          "color": "rgb(87, 87, 87)",
          "enabled": false,
          "fontFamily": "Verdana, sans-serif",
          "fontSize": 12,
          "fontStyle": "normal",
          "fontWeight": "bold",
        },
        "tooltip": Object {
          "enabled": true,
        },
      },
      "subtitle": Object {
        "color": "rgb(87, 87, 87)",
        "enabled": false,
        "fontFamily": "Verdana, sans-serif",
        "fontSize": 12,
        "fontStyle": "normal",
        "fontWeight": "normal",
      },
      "title": Object {
        "color": "rgb(87, 87, 87)",
        "enabled": false,
        "fontFamily": "Verdana, sans-serif",
        "fontSize": 16,
        "fontStyle": "normal",
        "fontWeight": "bold",
      },
    },
  },
  "chartThemeName": "ag-default",
  "chartType": "pie",
  "version": "28.2.0",
}
`;

exports[`chartModelMigration upgradeChartModel should upgrade 23.0.0 successfully 1`] = `
Object {
  "cellRange": Object {
    "columns": Array [
      "country",
      "sugar",
      "fat",
      "weight",
    ],
    "rowEndIndex": 11,
    "rowStartIndex": 0,
  },
  "chartId": "id-hmqegszv8g",
  "chartOptions": Object {
    "column": Object {
      "axes": Object {
        "category": Object {
          "bottom": Object {},
          "left": Object {},
          "right": Object {},
          "top": Object {},
        },
        "groupedCategory": Object {
          "bottom": Object {},
          "gridStyle": Array [
            Object {
              "lineDash": Array [
                4,
                2,
              ],
              "stroke": "rgb(219, 219, 219)",
            },
          ],
          "label": Object {
            "color": "rgb(87, 87, 87)",
            "fontFamily": "Verdana, sans-serif",
            "fontSize": 12,
            "fontStyle": "normal",
            "fontWeight": "normal",
            "padding": 5,
          },
          "left": Object {},
          "line": Object {
            "color": "rgba(195, 195, 195, 1)",
            "width": 1,
          },
          "right": Object {},
          "tick": Object {
            "color": "rgba(195, 195, 195, 1)",
            "size": 6,
            "width": 1,
          },
          "title": Object {
            "color": "rgb(87, 87, 87)",
            "enabled": false,
            "fontFamily": "Verdana, sans-serif",
            "fontSize": 14,
            "fontStyle": "normal",
            "fontWeight": "normal",
          },
          "top": Object {},
        },
        "log": Object {
          "bottom": Object {},
          "left": Object {},
          "right": Object {},
          "top": Object {},
        },
        "number": Object {
          "bottom": Object {},
          "gridStyle": Array [
            Object {
              "lineDash": Array [
                4,
                2,
              ],
              "stroke": "rgb(219, 219, 219)",
            },
          ],
          "label": Object {
            "color": "rgb(87, 87, 87)",
            "fontFamily": "Verdana, sans-serif",
            "fontSize": 12,
            "fontStyle": "normal",
            "fontWeight": "normal",
            "padding": 5,
          },
          "left": Object {},
          "line": Object {
            "color": "rgba(195, 195, 195, 1)",
            "width": 1,
          },
          "right": Object {},
          "tick": Object {
            "color": "rgba(195, 195, 195, 1)",
            "size": 6,
            "width": 1,
          },
          "title": Object {
            "color": "rgb(87, 87, 87)",
            "enabled": false,
            "fontFamily": "Verdana, sans-serif",
            "fontSize": 14,
            "fontStyle": "normal",
            "fontWeight": "normal",
          },
          "top": Object {},
        },
        "time": Object {
          "bottom": Object {},
          "left": Object {},
          "right": Object {},
          "top": Object {},
        },
      },
      "background": Object {
        "fill": "white",
        "visible": true,
      },
      "legend": Object {
        "enabled": true,
        "item": Object {
          "label": Object {
            "color": "rgb(87, 87, 87)",
            "fontFamily": "Verdana, sans-serif",
            "fontSize": 12,
            "fontStyle": "normal",
            "fontWeight": "normal",
          },
          "marker": Object {
            "padding": 8,
            "shape": "square",
            "size": 15,
            "strokeWidth": 1,
          },
          "paddingX": 16,
          "paddingY": 8,
        },
        "position": "right",
        "spacing": 20,
      },
      "padding": Object {
        "bottom": 20,
        "left": 20,
        "right": 20,
        "top": 20,
      },
      "series": Object {
        "highlightStyle": Object {
          "item": Object {
            "fill": "yellow",
          },
        },
        "label": Object {
          "color": "rgb(87, 87, 87)",
          "enabled": false,
          "fontFamily": "Verdana, sans-serif",
          "fontSize": 12,
          "fontStyle": "normal",
          "fontWeight": "normal",
        },
        "shadow": Object {
          "blur": 5,
          "color": "rgba(0, 0, 0, 0.5)",
          "enabled": false,
          "xOffset": 3,
          "yOffset": 3,
        },
        "tooltip": Object {
          "enabled": true,
        },
      },
      "subtitle": Object {
        "color": "rgb(87, 87, 87)",
        "enabled": false,
        "fontFamily": "Verdana, sans-serif",
        "fontSize": 12,
        "fontStyle": "normal",
        "fontWeight": "normal",
      },
      "title": Object {
        "color": "rgb(87, 87, 87)",
        "enabled": false,
        "fontFamily": "Verdana, sans-serif",
        "fontSize": 16,
        "fontStyle": "normal",
        "fontWeight": "bold",
      },
    },
  },
  "chartThemeName": "ag-default",
  "chartType": "groupedColumn",
  "version": "28.2.0",
}
`;

exports[`chartModelMigration upgradeChartModel should upgrade 24.0.0 successfully 1`] = `
Object {
  "cellRange": Object {
    "columns": Array [
      "country",
      "sugar",
      "fat",
      "weight",
    ],
    "rowEndIndex": 6,
    "rowStartIndex": 0,
  },
  "chartId": "id-aozr6zz1t1r",
  "chartOptions": Object {
    "column": Object {
      "autoSize": true,
      "axes": Object {
        "category": Object {
          "bottom": Object {},
          "gridStyle": Array [
            Object {
              "lineDash": Array [
                4,
                2,
              ],
              "stroke": "rgb(219, 219, 219)",
            },
          ],
          "label": Object {
            "autoRotate": true,
            "color": "rgb(87, 87, 87)",
            "fontFamily": "Verdana, sans-serif",
            "fontSize": 12,
            "padding": 5,
          },
          "left": Object {},
          "line": Object {
            "color": "rgb(195, 195, 195)",
            "width": 1,
          },
          "position": "bottom",
          "right": Object {},
          "tick": Object {
            "color": "rgb(195, 195, 195)",
            "count": 10,
            "size": 6,
            "width": 1,
          },
          "title": Object {
            "color": "rgb(70, 70, 70)",
            "enabled": false,
            "fontFamily": "Verdana, sans-serif",
            "fontSize": 12,
            "fontWeight": "bold",
            "text": "Axis Title",
          },
          "top": Object {},
        },
        "groupedCategory": Object {
          "bottom": Object {},
          "left": Object {},
          "right": Object {},
          "top": Object {},
        },
        "log": Object {
          "bottom": Object {},
          "left": Object {},
          "right": Object {},
          "top": Object {},
        },
        "number": Object {
          "bottom": Object {},
          "gridStyle": Array [
            Object {
              "lineDash": Array [
                4,
                2,
              ],
              "stroke": "rgb(219, 219, 219)",
            },
          ],
          "label": Object {
            "color": "rgb(87, 87, 87)",
            "fontFamily": "Verdana, sans-serif",
            "fontSize": 12,
            "padding": 5,
          },
          "left": Object {},
          "line": Object {
            "color": "rgb(195, 195, 195)",
            "width": 1,
          },
          "position": "left",
          "right": Object {},
          "tick": Object {
            "color": "rgb(195, 195, 195)",
            "count": 10,
            "size": 6,
            "width": 1,
          },
          "title": Object {
            "color": "rgb(70, 70, 70)",
            "enabled": false,
            "fontFamily": "Verdana, sans-serif",
            "fontSize": 12,
            "fontWeight": "bold",
            "text": "Axis Title",
          },
          "top": Object {},
        },
        "time": Object {
          "bottom": Object {},
          "left": Object {},
          "right": Object {},
          "top": Object {},
        },
      },
      "background": Object {
        "fill": "white",
        "visible": true,
      },
      "container": Object {},
      "legend": Object {
        "enabled": true,
        "item": Object {
          "label": Object {
            "color": "black",
            "fontFamily": "Verdana, sans-serif",
            "fontSize": 12,
          },
          "marker": Object {
            "padding": 8,
            "size": 15,
            "strokeWidth": 1,
          },
          "paddingX": 16,
          "paddingY": 8,
        },
        "position": "right",
        "spacing": 20,
      },
      "navigator": Object {
        "enabled": false,
        "height": 30,
        "mask": Object {
          "fill": "#999999",
          "fillOpacity": 0.2,
          "stroke": "#999999",
          "strokeWidth": 1,
        },
        "max": 1,
        "maxHandle": Object {
          "fill": "#f2f2f2",
          "gripLineGap": 2,
          "gripLineLength": 8,
          "height": 16,
          "stroke": "#999999",
          "strokeWidth": 1,
          "width": 8,
        },
        "min": 0,
        "minHandle": Object {
          "fill": "#f2f2f2",
          "gripLineGap": 2,
          "gripLineLength": 8,
          "height": 16,
          "stroke": "#999999",
          "strokeWidth": 1,
          "width": 8,
        },
      },
      "padding": Object {
        "bottom": 20,
        "left": 20,
        "right": 20,
        "top": 20,
      },
      "series": Object {
        "highlightStyle": Object {
          "item": Object {
            "fill": "yellow",
          },
        },
        "label": Object {
          "color": "rgb(70, 70, 70)",
          "enabled": false,
          "fontFamily": "Verdana, sans-serif",
          "fontSize": 12,
        },
        "shadow": Object {
          "blur": 5,
          "color": "rgba(0, 0, 0, 0.5)",
          "enabled": false,
          "xOffset": 3,
          "yOffset": 3,
        },
        "tooltip": Object {
          "enabled": true,
        },
      },
      "subtitle": Object {
        "color": "rgb(140, 140, 140)",
        "enabled": false,
        "fontFamily": "Verdana, sans-serif",
        "fontSize": 12,
        "text": "Subtitle",
      },
      "title": Object {
        "color": "rgb(70, 70, 70)",
        "enabled": false,
        "fontFamily": "Verdana, sans-serif",
        "fontSize": 16,
        "fontWeight": "bold",
        "text": "Title",
      },
    },
  },
  "chartThemeName": "ag-default",
  "chartType": "groupedColumn",
  "version": "28.2.0",
}
`;

exports[`chartModelMigration upgradeChartModel should upgrade 25.0.0 successfully 1`] = `
Object {
  "cellRange": Object {
    "columns": Array [
      "country",
      "sugar",
      "fat",
      "weight",
    ],
    "rowEndIndex": 6,
    "rowStartIndex": 0,
  },
  "chartId": "id-vqj6ysu3ded",
  "chartOptions": Object {
    "column": Object {
      "autoSize": true,
      "axes": Object {
        "category": Object {
          "bottom": Object {},
          "gridStyle": Array [
            Object {
              "lineDash": Array [
                4,
                2,
              ],
              "stroke": "rgb(219, 219, 219)",
            },
          ],
          "label": Object {
            "autoRotate": true,
            "color": "rgb(87, 87, 87)",
            "fontFamily": "Verdana, sans-serif",
            "fontSize": 12,
            "padding": 5,
          },
          "left": Object {},
          "line": Object {
            "color": "rgb(195, 195, 195)",
            "width": 1,
          },
          "position": "bottom",
          "right": Object {},
          "tick": Object {
            "color": "rgb(195, 195, 195)",
            "count": 10,
            "size": 6,
            "width": 1,
          },
          "title": Object {
            "color": "rgb(70, 70, 70)",
            "enabled": false,
            "fontFamily": "Verdana, sans-serif",
            "fontSize": 12,
            "fontWeight": "bold",
            "text": "Axis Title",
          },
          "top": Object {},
        },
        "groupedCategory": Object {
          "bottom": Object {},
          "left": Object {},
          "right": Object {},
          "top": Object {},
        },
        "log": Object {
          "bottom": Object {},
          "left": Object {},
          "right": Object {},
          "top": Object {},
        },
        "number": Object {
          "bottom": Object {},
          "gridStyle": Array [
            Object {
              "lineDash": Array [
                4,
                2,
              ],
              "stroke": "rgb(219, 219, 219)",
            },
          ],
          "label": Object {
            "color": "rgb(87, 87, 87)",
            "fontFamily": "Verdana, sans-serif",
            "fontSize": 12,
            "padding": 5,
          },
          "left": Object {},
          "line": Object {
            "color": "rgb(195, 195, 195)",
            "width": 1,
          },
          "position": "left",
          "right": Object {},
          "tick": Object {
            "color": "rgb(195, 195, 195)",
            "count": 10,
            "size": 6,
            "width": 1,
          },
          "title": Object {
            "color": "rgb(70, 70, 70)",
            "enabled": false,
            "fontFamily": "Verdana, sans-serif",
            "fontSize": 12,
            "fontWeight": "bold",
            "text": "Axis Title",
          },
          "top": Object {},
        },
        "time": Object {
          "bottom": Object {},
          "left": Object {},
          "right": Object {},
          "top": Object {},
        },
      },
      "background": Object {
        "fill": "white",
        "visible": true,
      },
      "container": Object {},
      "legend": Object {
        "enabled": true,
        "item": Object {
          "label": Object {
            "color": "black",
            "fontFamily": "Verdana, sans-serif",
            "fontSize": 12,
          },
          "marker": Object {
            "padding": 8,
            "size": 15,
            "strokeWidth": 1,
          },
          "paddingX": 16,
          "paddingY": 8,
        },
        "position": "right",
        "spacing": 20,
      },
      "navigator": Object {
        "enabled": false,
        "height": 30,
        "mask": Object {
          "fill": "#999999",
          "fillOpacity": 0.2,
          "stroke": "#999999",
          "strokeWidth": 1,
        },
        "max": 1,
        "maxHandle": Object {
          "fill": "#f2f2f2",
          "gripLineGap": 2,
          "gripLineLength": 8,
          "height": 16,
          "stroke": "#999999",
          "strokeWidth": 1,
          "width": 8,
        },
        "min": 0,
        "minHandle": Object {
          "fill": "#f2f2f2",
          "gripLineGap": 2,
          "gripLineLength": 8,
          "height": 16,
          "stroke": "#999999",
          "strokeWidth": 1,
          "width": 8,
        },
      },
      "padding": Object {
        "bottom": 20,
        "left": 20,
        "right": 20,
        "top": 20,
      },
      "series": Object {
        "highlightStyle": Object {
          "item": Object {
            "fill": "yellow",
          },
        },
        "label": Object {
          "color": "rgb(70, 70, 70)",
          "enabled": false,
          "fontFamily": "Verdana, sans-serif",
          "fontSize": 12,
        },
        "lineDash": Array [
          0,
        ],
        "lineDashOffset": 0,
        "shadow": Object {
          "blur": 5,
          "color": "rgba(0, 0, 0, 0.5)",
          "enabled": false,
          "xOffset": 3,
          "yOffset": 3,
        },
        "tooltip": Object {
          "enabled": true,
        },
      },
      "subtitle": Object {
        "color": "rgb(140, 140, 140)",
        "enabled": false,
        "fontFamily": "Verdana, sans-serif",
        "fontSize": 12,
        "text": "Subtitle",
      },
      "title": Object {
        "color": "rgb(70, 70, 70)",
        "enabled": false,
        "fontFamily": "Verdana, sans-serif",
        "fontSize": 16,
        "fontWeight": "bold",
        "text": "Title",
      },
      "tooltip": Object {
        "class": "ag-chart-tooltip",
        "delay": 0,
        "enabled": true,
        "tracking": true,
      },
    },
  },
  "chartThemeName": "ag-default",
  "chartType": "groupedColumn",
  "modelType": "range",
  "suppressChartRanges": false,
  "unlinkChart": false,
  "version": "28.2.0",
}
`;

exports[`chartModelMigration upgradeChartModel should upgrade 25.0.0-line successfully 1`] = `
Object {
  "cellRange": Object {
    "columns": Array [
      "country",
      "sugar",
      "fat",
      "weight",
    ],
    "rowEndIndex": 19,
    "rowEndPinned": null,
    "rowStartIndex": 0,
    "rowStartPinned": null,
  },
  "chartId": "id-nsogsnb8jor",
  "chartOptions": Object {
    "line": Object {
      "autoSize": true,
      "axes": Object {
        "category": Object {
          "bottom": Object {},
          "gridStyle": Array [
            Object {
              "lineDash": Array [
                4,
                2,
              ],
              "stroke": "rgb(219, 219, 219)",
            },
          ],
          "label": Object {
            "autoRotate": true,
            "color": "rgb(87, 87, 87)",
            "fontFamily": "Verdana, sans-serif",
            "fontSize": 12,
            "fontStyle": "normal",
            "fontWeight": "normal",
            "padding": 5,
          },
          "left": Object {},
          "line": Object {
            "color": "rgb(195, 195, 195)",
            "width": 1,
          },
          "position": "bottom",
          "right": Object {},
          "tick": Object {
            "color": "rgb(195, 195, 195)",
            "count": 10,
            "size": 6,
            "width": 1,
          },
          "title": Object {
            "color": "rgb(70, 70, 70)",
            "enabled": false,
            "fontFamily": "Verdana, sans-serif",
            "fontSize": 12,
            "fontStyle": "normal",
            "fontWeight": "bold",
            "text": "Axis Title",
          },
          "top": Object {},
        },
        "groupedCategory": Object {
          "bottom": Object {},
          "left": Object {},
          "right": Object {},
          "top": Object {},
        },
        "log": Object {
          "bottom": Object {},
          "left": Object {},
          "right": Object {},
          "top": Object {},
        },
        "number": Object {
          "bottom": Object {},
          "gridStyle": Array [
            Object {
              "lineDash": Array [
                4,
                2,
              ],
              "stroke": "rgb(219, 219, 219)",
            },
          ],
          "label": Object {
            "color": "rgb(87, 87, 87)",
            "fontFamily": "Verdana, sans-serif",
            "fontSize": 12,
            "fontStyle": "normal",
            "fontWeight": "normal",
            "padding": 5,
          },
          "left": Object {},
          "line": Object {
            "color": "rgb(195, 195, 195)",
            "width": 1,
          },
          "position": "left",
          "right": Object {},
          "tick": Object {
            "color": "rgb(195, 195, 195)",
            "count": 10,
            "size": 6,
            "width": 1,
          },
          "title": Object {
            "color": "rgb(70, 70, 70)",
            "enabled": false,
            "fontFamily": "Verdana, sans-serif",
            "fontSize": 12,
            "fontStyle": "normal",
            "fontWeight": "bold",
            "text": "Axis Title",
          },
          "top": Object {},
        },
        "time": Object {
          "bottom": Object {},
          "left": Object {},
          "right": Object {},
          "top": Object {},
        },
      },
      "background": Object {
        "fill": "white",
        "visible": true,
      },
      "legend": Object {
        "enabled": true,
        "item": Object {
          "label": Object {
            "color": "black",
            "fontFamily": "Verdana, sans-serif",
            "fontSize": 12,
          },
          "marker": Object {
            "padding": 8,
            "size": 15,
            "strokeWidth": 1,
          },
          "paddingX": 16,
          "paddingY": 8,
        },
        "position": "right",
        "spacing": 20,
      },
      "listeners": Object {},
      "navigator": Object {
        "enabled": false,
        "height": 30,
        "mask": Object {
          "fill": "#999999",
          "fillOpacity": 0.2,
          "stroke": "#999999",
          "strokeWidth": 1,
        },
        "max": 1,
        "maxHandle": Object {
          "fill": "#f2f2f2",
          "gripLineGap": 2,
          "gripLineLength": 8,
          "height": 16,
          "stroke": "#999999",
          "strokeWidth": 1,
          "width": 8,
        },
        "min": 0,
        "minHandle": Object {
          "fill": "#f2f2f2",
          "gripLineGap": 2,
          "gripLineLength": 8,
          "height": 16,
          "stroke": "#999999",
          "strokeWidth": 1,
          "width": 8,
        },
      },
      "padding": Object {
        "bottom": 20,
        "left": 20,
        "right": 20,
        "top": 20,
      },
      "series": Object {
        "highlightStyle": Object {
          "item": Object {
            "fill": "yellow",
          },
        },
        "lineDash": Array [
          0,
        ],
        "lineDashOffset": 0,
        "marker": Object {
          "enabled": false,
          "shape": "circle",
          "size": 6,
          "strokeWidth": 1,
        },
        "shadow": Object {
          "blur": 5,
          "color": "rgba(0, 0, 0, 0.5)",
          "enabled": false,
          "xOffset": 3,
          "yOffset": 3,
        },
        "tooltip": Object {
          "enabled": true,
        },
      },
      "subtitle": Object {
        "color": "rgb(140, 140, 140)",
        "enabled": false,
        "fontFamily": "Verdana, sans-serif",
        "fontSize": 12,
        "text": "Subtitle",
      },
      "title": Object {
        "color": "rgb(70, 70, 70)",
        "enabled": false,
        "fontFamily": "Verdana, sans-serif",
        "fontSize": 16,
        "fontWeight": "bold",
        "text": "Title",
      },
      "tooltip": Object {
        "class": "ag-chart-tooltip",
        "delay": 0,
        "enabled": true,
        "tracking": true,
      },
    },
  },
  "chartThemeName": "ag-default",
  "chartType": "line",
  "modelType": "range",
  "suppressChartRanges": false,
  "unlinkChart": false,
  "version": "28.2.0",
}
`;

exports[`chartModelMigration upgradeChartModel should upgrade 25.2.0 successfully 1`] = `
Object {
  "cellRange": Object {
    "columns": Array [
      "country",
      "sugar",
      "fat",
      "weight",
    ],
    "rowEndIndex": 1000,
    "rowEndPinned": null,
    "rowStartIndex": 0,
    "rowStartPinned": null,
  },
  "chartId": "id-0apvr5tp12kl",
  "chartOptions": Object {
    "line": Object {
      "autoSize": true,
      "axes": Object {
        "category": Object {
          "bottom": Object {},
          "left": Object {},
          "right": Object {},
          "top": Object {},
        },
        "groupedCategory": Object {
          "bottom": Object {},
          "gridStyle": Array [
            Object {
              "lineDash": Array [
                4,
                2,
              ],
              "stroke": "rgb(219, 219, 219)",
            },
          ],
          "label": Object {
            "color": "rgb(87, 87, 87)",
            "fontFamily": "Verdana, sans-serif",
            "fontSize": 12,
            "fontStyle": "normal",
            "fontWeight": "normal",
            "padding": 5,
          },
          "left": Object {},
          "line": Object {
            "color": "rgb(195, 195, 195)",
            "width": 1,
          },
          "position": "bottom",
          "right": Object {},
          "thickness": 0,
          "tick": Object {
            "color": "rgb(195, 195, 195)",
            "count": 10,
            "size": 6,
            "width": 1,
          },
          "title": Object {
            "color": "rgb(70, 70, 70)",
            "enabled": false,
            "fontFamily": "Verdana, sans-serif",
            "fontSize": 12,
            "fontStyle": "normal",
            "fontWeight": "bold",
            "text": "Axis Title",
          },
          "top": Object {},
        },
        "log": Object {
          "bottom": Object {},
          "left": Object {},
          "right": Object {},
          "top": Object {},
        },
        "number": Object {
          "bottom": Object {},
          "gridStyle": Array [
            Object {
              "lineDash": Array [
                4,
                2,
              ],
              "stroke": "rgb(219, 219, 219)",
            },
          ],
          "label": Object {
            "color": "rgb(87, 87, 87)",
            "fontFamily": "Verdana, sans-serif",
            "fontSize": 12,
            "fontStyle": "normal",
            "fontWeight": "normal",
            "padding": 5,
          },
          "left": Object {},
          "line": Object {
            "color": "rgb(195, 195, 195)",
            "width": 1,
          },
          "position": "left",
          "right": Object {},
          "thickness": 0,
          "tick": Object {
            "color": "rgb(195, 195, 195)",
            "count": 10,
            "size": 6,
            "width": 1,
          },
          "title": Object {
            "color": "rgb(70, 70, 70)",
            "enabled": false,
            "fontFamily": "Verdana, sans-serif",
            "fontSize": 12,
            "fontStyle": "normal",
            "fontWeight": "bold",
            "text": "Axis Title",
          },
          "top": Object {},
        },
        "time": Object {
          "bottom": Object {},
          "left": Object {},
          "right": Object {},
          "top": Object {},
        },
      },
      "background": Object {
        "fill": "white",
        "visible": true,
      },
      "legend": Object {
        "enabled": true,
        "item": Object {
          "label": Object {
            "color": "black",
            "fontFamily": "Verdana, sans-serif",
            "fontSize": 12,
          },
          "marker": Object {
            "padding": 8,
            "size": 15,
            "strokeWidth": 1,
          },
          "paddingX": 16,
          "paddingY": 8,
        },
        "position": "bottom",
        "spacing": 20,
      },
      "listeners": Object {},
      "navigator": Object {
        "enabled": false,
        "height": 30,
        "mask": Object {
          "fill": "#999999",
          "fillOpacity": 0.2,
          "stroke": "#999999",
          "strokeWidth": 1,
        },
        "max": 1,
        "maxHandle": Object {
          "fill": "#f2f2f2",
          "gripLineGap": 2,
          "gripLineLength": 8,
          "height": 16,
          "stroke": "#999999",
          "strokeWidth": 1,
          "width": 8,
        },
        "min": 0,
        "minHandle": Object {
          "fill": "#f2f2f2",
          "gripLineGap": 2,
          "gripLineLength": 8,
          "height": 16,
          "stroke": "#999999",
          "strokeWidth": 1,
          "width": 8,
        },
      },
      "padding": Object {
        "bottom": 20,
        "left": 20,
        "right": 20,
        "top": 20,
      },
      "series": Object {
        "highlightStyle": Object {
          "item": Object {
            "fill": "yellow",
          },
        },
        "lineDash": Array [
          0,
        ],
        "lineDashOffset": 0,
        "marker": Object {
          "enabled": true,
          "shape": "circle",
          "size": 6,
          "strokeWidth": 1,
        },
        "tooltip": Object {
          "enabled": true,
        },
      },
      "subtitle": Object {
        "color": "rgb(140, 140, 140)",
        "enabled": false,
        "fontFamily": "Verdana, sans-serif",
        "fontSize": 12,
        "text": "Subtitle",
      },
      "title": Object {
        "color": "rgb(70, 70, 70)",
        "enabled": false,
        "fontFamily": "Verdana, sans-serif",
        "fontSize": 16,
        "fontWeight": "bold",
        "text": "Title",
      },
      "tooltip": Object {
        "class": "ag-chart-tooltip",
        "delay": 0,
        "enabled": true,
        "tracking": true,
      },
      "type": "groupedCategory",
    },
  },
  "chartThemeName": "ag-default",
  "chartType": "line",
  "modelType": "line",
  "suppressChartRanges": true,
  "unlinkChart": false,
  "version": "28.2.0",
}
`;

exports[`chartModelMigration upgradeChartModel should upgrade 26.0.0 successfully 1`] = `
Object {
  "cellRange": Object {
    "columns": Array [
      "country",
      "sugar",
      "fat",
      "weight",
    ],
    "rowEndIndex": 5,
    "rowStartIndex": 0,
  },
  "chartId": "id-703dtchjq3t",
  "chartOptions": Object {
    "column": Object {
      "autoSize": true,
      "axes": Object {
        "category": Object {
          "bottom": Object {},
          "gridStyle": Array [
            Object {
              "lineDash": Array [
                4,
                2,
              ],
              "stroke": "rgb(219, 219, 219)",
            },
          ],
          "label": Object {
            "autoRotate": true,
            "color": "rgb(87, 87, 87)",
            "fontFamily": "Verdana, sans-serif",
            "fontSize": 12,
            "padding": 5,
            "rotation": 335,
          },
          "left": Object {},
          "line": Object {
            "color": "rgb(195, 195, 195)",
            "width": 1,
          },
          "position": "bottom",
          "right": Object {},
          "thickness": 0,
          "tick": Object {
            "color": "rgb(195, 195, 195)",
            "count": 10,
            "size": 6,
            "width": 1,
          },
          "title": Object {
            "color": "rgb(70, 70, 70)",
            "enabled": false,
            "fontFamily": "Verdana, sans-serif",
            "fontSize": 12,
            "fontWeight": "bold",
            "text": "Axis Title",
          },
          "top": Object {},
        },
        "groupedCategory": Object {
          "bottom": Object {},
          "left": Object {},
          "right": Object {},
          "top": Object {},
        },
        "log": Object {
          "bottom": Object {},
          "left": Object {},
          "right": Object {},
          "top": Object {},
        },
        "number": Object {
          "bottom": Object {},
          "gridStyle": Array [
            Object {
              "lineDash": Array [
                4,
                2,
              ],
              "stroke": "rgb(219, 219, 219)",
            },
          ],
          "label": Object {
            "color": "rgb(87, 87, 87)",
            "fontFamily": "Verdana, sans-serif",
            "fontSize": 12,
            "padding": 5,
            "rotation": 0,
          },
          "left": Object {},
          "line": Object {
            "color": "rgb(195, 195, 195)",
            "width": 1,
          },
          "position": "left",
          "right": Object {},
          "thickness": 0,
          "tick": Object {
            "color": "rgb(195, 195, 195)",
            "count": 10,
            "size": 6,
            "width": 1,
          },
          "title": Object {
            "color": "rgb(70, 70, 70)",
            "enabled": false,
            "fontFamily": "Verdana, sans-serif",
            "fontSize": 12,
            "fontWeight": "bold",
            "text": "Axis Title",
          },
          "top": Object {},
        },
        "time": Object {
          "bottom": Object {},
          "left": Object {},
          "right": Object {},
          "top": Object {},
        },
      },
      "background": Object {
        "fill": "white",
        "visible": true,
      },
      "container": Object {},
      "legend": Object {
        "enabled": true,
        "item": Object {
          "label": Object {
            "color": "black",
            "fontFamily": "Verdana, sans-serif",
            "fontSize": 12,
          },
          "marker": Object {
            "padding": 8,
            "size": 15,
            "strokeWidth": 1,
          },
          "paddingX": 16,
          "paddingY": 8,
        },
        "position": "right",
        "spacing": 20,
      },
      "navigator": Object {
        "enabled": false,
        "height": 30,
        "mask": Object {
          "fill": "#999999",
          "fillOpacity": 0.2,
          "stroke": "#999999",
          "strokeWidth": 1,
        },
        "max": 1,
        "maxHandle": Object {
          "fill": "#f2f2f2",
          "gripLineGap": 2,
          "gripLineLength": 8,
          "height": 16,
          "stroke": "#999999",
          "strokeWidth": 1,
          "width": 8,
        },
        "min": 0,
        "minHandle": Object {
          "fill": "#f2f2f2",
          "gripLineGap": 2,
          "gripLineLength": 8,
          "height": 16,
          "stroke": "#999999",
          "strokeWidth": 1,
          "width": 8,
        },
      },
      "padding": Object {
        "bottom": 20,
        "left": 20,
        "right": 20,
        "top": 20,
      },
      "series": Object {
        "highlightStyle": Object {
          "item": Object {
            "fill": "yellow",
          },
          "series": Object {
            "dimOpacity": 0.3,
            "enabled": false,
          },
        },
        "label": Object {
          "color": "rgb(70, 70, 70)",
          "enabled": false,
          "fontFamily": "Verdana, sans-serif",
          "fontSize": 12,
          "placement": "inside",
        },
        "lineDash": Array [
          0,
        ],
        "lineDashOffset": 0,
        "shadow": Object {
          "blur": 5,
          "color": "rgba(0, 0, 0, 0.5)",
          "enabled": false,
          "xOffset": 3,
          "yOffset": 3,
        },
        "tooltip": Object {
          "enabled": true,
        },
      },
      "subtitle": Object {
        "color": "rgb(140, 140, 140)",
        "enabled": false,
        "fontFamily": "Verdana, sans-serif",
        "fontSize": 12,
        "text": "Subtitle",
      },
      "title": Object {
        "color": "rgb(70, 70, 70)",
        "enabled": false,
        "fontFamily": "Verdana, sans-serif",
        "fontSize": 16,
        "fontWeight": "bold",
        "text": "Title",
      },
      "tooltip": Object {
        "class": "ag-chart-tooltip",
        "delay": 0,
        "enabled": true,
        "tracking": true,
      },
    },
  },
  "chartThemeName": "ag-default",
  "chartType": "groupedColumn",
  "modelType": "range",
  "suppressChartRanges": false,
  "unlinkChart": false,
  "version": "28.2.0",
}
`;

exports[`chartModelMigration upgradeChartModel should upgrade 26.0.0-scatter successfully 1`] = `
Object {
  "cellRange": Object {
    "columns": Array [
      "country",
      "sugar",
      "fat",
      "weight",
    ],
    "rowEndIndex": 19,
    "rowEndPinned": null,
    "rowStartIndex": 0,
    "rowStartPinned": null,
  },
  "chartId": "id-3iq3jaaivcd",
  "chartOptions": Object {
    "scatter": Object {
      "autoSize": true,
      "axes": Object {
        "category": Object {
          "bottom": Object {},
          "left": Object {},
          "right": Object {},
          "top": Object {},
        },
        "groupedCategory": Object {
          "bottom": Object {},
          "left": Object {},
          "right": Object {},
          "top": Object {},
        },
        "log": Object {
          "bottom": Object {},
          "left": Object {},
          "right": Object {},
          "top": Object {},
        },
        "number": Object {
          "bottom": Object {},
          "gridStyle": Array [
            Object {
              "lineDash": Array [
                4,
                2,
              ],
              "stroke": "rgb(219, 219, 219)",
            },
          ],
          "label": Object {
            "color": "rgb(87, 87, 87)",
            "fontFamily": "Verdana, sans-serif",
            "fontSize": 12,
            "padding": 5,
            "rotation": 0,
          },
          "left": Object {},
          "line": Object {
            "color": "rgb(195, 195, 195)",
            "width": 1,
          },
          "position": "left",
          "right": Object {},
          "thickness": 0,
          "tick": Object {
            "color": "rgb(195, 195, 195)",
            "count": 10,
            "size": 6,
            "width": 1,
          },
          "title": Object {
            "color": "rgb(70, 70, 70)",
            "enabled": false,
            "fontFamily": "Verdana, sans-serif",
            "fontSize": 12,
            "fontWeight": "bold",
            "text": "Axis Title",
          },
          "top": Object {},
        },
        "time": Object {
          "bottom": Object {},
          "left": Object {},
          "right": Object {},
          "top": Object {},
        },
      },
      "background": Object {
        "fill": "white",
        "visible": true,
      },
      "legend": Object {
        "enabled": true,
        "item": Object {
          "label": Object {
            "color": "black",
            "fontFamily": "Verdana, sans-serif",
            "fontSize": 12,
          },
          "marker": Object {
            "padding": 8,
            "size": 15,
            "strokeWidth": 1,
          },
          "paddingX": 16,
          "paddingY": 8,
        },
        "position": "right",
        "spacing": 20,
      },
      "navigator": Object {
        "enabled": false,
        "height": 30,
        "mask": Object {
          "fill": "#999999",
          "fillOpacity": 0.2,
          "stroke": "#999999",
          "strokeWidth": 1,
        },
        "max": 1,
        "maxHandle": Object {
          "fill": "#f2f2f2",
          "gripLineGap": 2,
          "gripLineLength": 8,
          "height": 16,
          "stroke": "#999999",
          "strokeWidth": 1,
          "width": 8,
        },
        "min": 0,
        "minHandle": Object {
          "fill": "#f2f2f2",
          "gripLineGap": 2,
          "gripLineLength": 8,
          "height": 16,
          "stroke": "#999999",
          "strokeWidth": 1,
          "width": 8,
        },
      },
      "padding": Object {
        "bottom": 20,
        "left": 20,
        "right": 20,
        "top": 20,
      },
      "series": Object {
        "highlightStyle": Object {
          "item": Object {
            "fill": "yellow",
          },
          "series": Object {
            "dimOpacity": 0.3,
            "enabled": false,
          },
        },
        "label": Object {
          "color": "rgb(70, 70, 70)",
          "enabled": false,
          "fontFamily": "Verdana, sans-serif",
          "fontSize": 12,
        },
        "marker": Object {
          "enabled": true,
          "shape": "circle",
          "size": 6,
          "strokeWidth": 1,
        },
        "paired": true,
        "tooltip": Object {
          "enabled": true,
        },
      },
      "subtitle": Object {
        "color": "rgb(140, 140, 140)",
        "enabled": false,
        "fontFamily": "Verdana, sans-serif",
        "fontSize": 12,
        "text": "Subtitle",
      },
      "title": Object {
        "color": "rgb(70, 70, 70)",
        "enabled": false,
        "fontFamily": "Verdana, sans-serif",
        "fontSize": 16,
        "fontWeight": "bold",
        "text": "Title",
      },
      "tooltip": Object {
        "class": "ag-chart-tooltip",
        "delay": 0,
        "enabled": true,
        "tracking": true,
      },
    },
  },
  "chartThemeName": "ag-default",
  "chartType": "bubble",
  "modelType": "range",
  "suppressChartRanges": false,
  "unlinkChart": false,
  "version": "28.2.0",
}
`;

exports[`chartModelMigration upgradeChartModel should upgrade 26.1.0 successfully 1`] = `
Object {
  "cellRange": Object {
    "columns": Array [
      "country",
      "sugar",
      "fat",
      "weight",
    ],
    "rowEndIndex": 11,
    "rowStartIndex": 0,
  },
  "chartId": "id-l1f4fm2rj1h",
  "chartOptions": Object {
    "column": Object {
      "autoSize": true,
      "axes": Object {
        "category": Object {
          "bottom": Object {},
          "gridStyle": Array [
            Object {
              "lineDash": Array [
                4,
                2,
              ],
              "stroke": "rgb(219, 219, 219)",
            },
          ],
          "label": Object {
            "autoRotate": true,
            "color": "rgb(87, 87, 87)",
            "fontFamily": "Verdana, sans-serif",
            "fontSize": 12,
            "padding": 5,
            "rotation": 335,
          },
          "left": Object {},
          "line": Object {
            "color": "rgb(195, 195, 195)",
            "width": 1,
          },
          "position": "bottom",
          "right": Object {},
          "thickness": 0,
          "tick": Object {
            "color": "rgb(195, 195, 195)",
            "count": 10,
            "size": 6,
            "width": 1,
          },
          "title": Object {
            "color": "rgb(70, 70, 70)",
            "enabled": false,
            "fontFamily": "Verdana, sans-serif",
            "fontSize": 12,
            "fontWeight": "bold",
            "text": "Axis Title",
          },
          "top": Object {},
        },
        "groupedCategory": Object {
          "bottom": Object {},
          "left": Object {},
          "right": Object {},
          "top": Object {},
        },
        "log": Object {
          "bottom": Object {},
          "left": Object {},
          "right": Object {},
          "top": Object {},
        },
        "number": Object {
          "bottom": Object {},
          "gridStyle": Array [
            Object {
              "lineDash": Array [
                4,
                2,
              ],
              "stroke": "rgb(219, 219, 219)",
            },
          ],
          "label": Object {
            "color": "rgb(87, 87, 87)",
            "fontFamily": "Verdana, sans-serif",
            "fontSize": 12,
            "padding": 5,
            "rotation": 0,
          },
          "left": Object {},
          "line": Object {
            "color": "rgb(195, 195, 195)",
            "width": 1,
          },
          "position": "left",
          "right": Object {},
          "thickness": 0,
          "tick": Object {
            "color": "rgb(195, 195, 195)",
            "count": 10,
            "size": 6,
            "width": 1,
          },
          "title": Object {
            "color": "rgb(70, 70, 70)",
            "enabled": false,
            "fontFamily": "Verdana, sans-serif",
            "fontSize": 12,
            "fontWeight": "bold",
            "text": "Axis Title",
          },
          "top": Object {},
        },
        "time": Object {
          "bottom": Object {},
          "left": Object {},
          "right": Object {},
          "top": Object {},
        },
      },
      "background": Object {
        "fill": "white",
        "visible": true,
      },
      "container": Object {},
      "legend": Object {
        "enabled": true,
        "item": Object {
          "label": Object {
            "color": "black",
            "fontFamily": "Verdana, sans-serif",
            "fontSize": 12,
          },
          "marker": Object {
            "padding": 8,
            "size": 15,
            "strokeWidth": 1,
          },
          "paddingX": 16,
          "paddingY": 8,
        },
        "position": "right",
        "spacing": 20,
      },
      "navigator": Object {
        "enabled": false,
        "height": 30,
        "mask": Object {
          "fill": "#999999",
          "fillOpacity": 0.2,
          "stroke": "#999999",
          "strokeWidth": 1,
        },
        "max": 1,
        "maxHandle": Object {
          "fill": "#f2f2f2",
          "gripLineGap": 2,
          "gripLineLength": 8,
          "height": 16,
          "stroke": "#999999",
          "strokeWidth": 1,
          "width": 8,
        },
        "min": 0,
        "minHandle": Object {
          "fill": "#f2f2f2",
          "gripLineGap": 2,
          "gripLineLength": 8,
          "height": 16,
          "stroke": "#999999",
          "strokeWidth": 1,
          "width": 8,
        },
      },
      "padding": Object {
        "bottom": 20,
        "left": 20,
        "right": 20,
        "top": 20,
      },
      "series": Object {
        "highlightStyle": Object {
          "item": Object {
            "fill": "yellow",
          },
          "series": Object {
            "dimOpacity": 1,
          },
        },
        "label": Object {
          "color": "rgb(70, 70, 70)",
          "enabled": false,
          "fontFamily": "Verdana, sans-serif",
          "fontSize": 12,
          "placement": "inside",
        },
        "lineDash": Array [
          0,
        ],
        "lineDashOffset": 0,
        "shadow": Object {
          "blur": 5,
          "color": "rgba(0, 0, 0, 0.5)",
          "enabled": false,
          "xOffset": 3,
          "yOffset": 3,
        },
        "tooltip": Object {
          "enabled": true,
        },
      },
      "subtitle": Object {
        "color": "rgb(140, 140, 140)",
        "enabled": false,
        "fontFamily": "Verdana, sans-serif",
        "fontSize": 12,
        "text": "Subtitle",
      },
      "title": Object {
        "color": "rgb(70, 70, 70)",
        "enabled": false,
        "fontFamily": "Verdana, sans-serif",
        "fontSize": 16,
        "fontWeight": "bold",
        "text": "Title",
      },
      "tooltip": Object {
        "class": "ag-chart-tooltip",
        "delay": 0,
        "enabled": true,
        "tracking": true,
      },
    },
  },
  "chartThemeName": "ag-default",
  "chartType": "groupedColumn",
  "modelType": "range",
  "suppressChartRanges": false,
  "unlinkChart": false,
  "version": "28.2.0",
}
`;

exports[`chartModelMigration upgradeChartModel should upgrade 26.2.0 successfully 1`] = `
Object {
  "cellRange": Object {
    "columns": Array [
      "country",
      "sugar",
      "fat",
      "weight",
    ],
    "rowEndIndex": 7,
    "rowStartIndex": 0,
  },
  "chartId": "id-l0fdjgo876e",
  "chartOptions": Object {
    "area": Object {
      "autoSize": true,
      "axes": Object {
        "category": Object {
          "bottom": Object {},
          "gridStyle": Array [
            Object {
              "lineDash": Array [
                4,
                2,
              ],
              "stroke": "rgb(219, 219, 219)",
            },
          ],
          "label": Object {
            "autoRotate": true,
            "color": "rgb(87, 87, 87)",
            "fontFamily": "Verdana, sans-serif",
            "fontSize": 12,
            "padding": 5,
            "rotation": 0,
          },
          "left": Object {},
          "line": Object {
            "color": "rgb(195, 195, 195)",
            "width": 1,
          },
          "right": Object {},
          "thickness": 0,
          "tick": Object {
            "color": "rgb(195, 195, 195)",
            "count": 10,
            "size": 6,
            "width": 1,
          },
          "title": Object {
            "color": "rgb(70, 70, 70)",
            "enabled": false,
            "fontFamily": "Verdana, sans-serif",
            "fontSize": 12,
            "fontWeight": "bold",
            "text": "Axis Title",
          },
          "top": Object {},
        },
        "groupedCategory": Object {
          "bottom": Object {},
          "gridStyle": Array [
            Object {
              "lineDash": Array [
                4,
                2,
              ],
              "stroke": "rgb(219, 219, 219)",
            },
          ],
          "label": Object {
            "color": "rgb(87, 87, 87)",
            "fontFamily": "Verdana, sans-serif",
            "fontSize": 12,
            "padding": 5,
            "rotation": 0,
          },
          "left": Object {},
          "line": Object {
            "color": "rgb(195, 195, 195)",
            "width": 1,
          },
          "right": Object {},
          "thickness": 0,
          "tick": Object {
            "color": "rgb(195, 195, 195)",
            "count": 10,
            "size": 6,
            "width": 1,
          },
          "title": Object {
            "color": "rgb(70, 70, 70)",
            "enabled": false,
            "fontFamily": "Verdana, sans-serif",
            "fontSize": 12,
            "fontWeight": "bold",
            "text": "Axis Title",
          },
          "top": Object {},
        },
        "log": Object {
          "base": 10,
          "bottom": Object {},
          "gridStyle": Array [
            Object {
              "lineDash": Array [
                4,
                2,
              ],
              "stroke": "rgb(219, 219, 219)",
            },
          ],
          "label": Object {
            "color": "rgb(87, 87, 87)",
            "fontFamily": "Verdana, sans-serif",
            "fontSize": 12,
            "padding": 5,
            "rotation": 0,
          },
          "left": Object {},
          "line": Object {
            "color": "rgb(195, 195, 195)",
            "width": 1,
          },
          "right": Object {},
          "thickness": 0,
          "tick": Object {
            "color": "rgb(195, 195, 195)",
            "count": 10,
            "size": 6,
            "width": 1,
          },
          "title": Object {
            "color": "rgb(70, 70, 70)",
            "enabled": false,
            "fontFamily": "Verdana, sans-serif",
            "fontSize": 12,
            "fontWeight": "bold",
            "text": "Axis Title",
          },
          "top": Object {},
        },
        "number": Object {
          "bottom": Object {},
          "gridStyle": Array [
            Object {
              "lineDash": Array [
                4,
                2,
              ],
              "stroke": "rgb(219, 219, 219)",
            },
          ],
          "label": Object {
            "color": "rgb(87, 87, 87)",
            "fontFamily": "Verdana, sans-serif",
            "fontSize": 12,
            "padding": 5,
            "rotation": 0,
          },
          "left": Object {},
          "line": Object {
            "color": "rgb(195, 195, 195)",
            "width": 1,
          },
          "right": Object {},
          "thickness": 0,
          "tick": Object {
            "color": "rgb(195, 195, 195)",
            "count": 10,
            "size": 6,
            "width": 1,
          },
          "title": Object {
            "color": "rgb(70, 70, 70)",
            "enabled": false,
            "fontFamily": "Verdana, sans-serif",
            "fontSize": 12,
            "fontWeight": "bold",
            "text": "Axis Title",
          },
          "top": Object {},
        },
        "time": Object {
          "bottom": Object {},
          "gridStyle": Array [
            Object {
              "lineDash": Array [
                4,
                2,
              ],
              "stroke": "rgb(219, 219, 219)",
            },
          ],
          "label": Object {
            "color": "rgb(87, 87, 87)",
            "fontFamily": "Verdana, sans-serif",
            "fontSize": 12,
            "padding": 5,
            "rotation": 0,
          },
          "left": Object {},
          "line": Object {
            "color": "rgb(195, 195, 195)",
            "width": 1,
          },
          "right": Object {},
          "thickness": 0,
          "tick": Object {
            "color": "rgb(195, 195, 195)",
            "count": 10,
            "size": 6,
            "width": 1,
          },
          "title": Object {
            "color": "rgb(70, 70, 70)",
            "enabled": false,
            "fontFamily": "Verdana, sans-serif",
            "fontSize": 12,
            "fontWeight": "bold",
            "text": "Axis Title",
          },
          "top": Object {},
        },
      },
      "background": Object {
        "fill": "white",
        "visible": true,
      },
      "legend": Object {
        "enabled": true,
        "item": Object {
          "label": Object {
            "color": "black",
            "fontFamily": "Verdana, sans-serif",
            "fontSize": 12,
          },
          "marker": Object {
            "padding": 8,
            "size": 15,
            "strokeWidth": 1,
          },
          "paddingX": 16,
          "paddingY": 8,
        },
        "position": "right",
        "spacing": 20,
      },
      "navigator": Object {
        "enabled": false,
        "height": 30,
        "mask": Object {
          "fill": "#999999",
          "fillOpacity": 0.2,
          "stroke": "#999999",
          "strokeWidth": 1,
        },
        "max": 1,
        "maxHandle": Object {
          "fill": "#f2f2f2",
          "gripLineGap": 2,
          "gripLineLength": 8,
          "height": 16,
          "stroke": "#999999",
          "strokeWidth": 1,
          "width": 8,
        },
        "min": 0,
        "minHandle": Object {
          "fill": "#f2f2f2",
          "gripLineGap": 2,
          "gripLineLength": 8,
          "height": 16,
          "stroke": "#999999",
          "strokeWidth": 1,
          "width": 8,
        },
      },
      "padding": Object {
        "bottom": 20,
        "left": 20,
        "right": 20,
        "top": 20,
      },
      "series": Object {
        "cursor": "default",
        "fillOpacity": 0.8,
        "highlightStyle": Object {
          "item": Object {
            "fill": "yellow",
          },
          "series": Object {
            "dimOpacity": 1,
          },
        },
        "label": Object {
          "color": "rgb(70, 70, 70)",
          "enabled": false,
          "fontFamily": "Verdana, sans-serif",
          "fontSize": 12,
        },
        "lineDash": Array [
          0,
        ],
        "lineDashOffset": 0,
        "marker": Object {
          "enabled": false,
          "maxSize": 30,
          "shape": "circle",
          "size": 6,
          "strokeWidth": 1,
        },
        "shadow": Object {
          "blur": 5,
          "color": "rgba(0, 0, 0, 0.5)",
          "enabled": false,
          "xOffset": 3,
          "yOffset": 3,
        },
        "showInLegend": true,
        "strokeOpacity": 1,
        "strokeWidth": 2,
        "tooltip": Object {
          "enabled": true,
        },
        "visible": true,
        "xKey": "",
        "xName": "",
        "yKeys": Array [],
        "yNames": Array [],
      },
      "subtitle": Object {
        "color": "rgb(140, 140, 140)",
        "enabled": false,
        "fontFamily": "Verdana, sans-serif",
        "fontSize": 12,
        "text": "Subtitle",
      },
      "title": Object {
        "color": "rgb(70, 70, 70)",
        "enabled": false,
        "fontFamily": "Verdana, sans-serif",
        "fontSize": 16,
        "fontWeight": "bold",
        "text": "Title",
      },
      "tooltip": Object {
        "class": "ag-chart-tooltip",
        "delay": 0,
        "enabled": true,
        "tracking": true,
      },
    },
  },
  "chartThemeName": "ag-default",
  "chartType": "normalizedArea",
  "modelType": "range",
  "suppressChartRanges": false,
  "unlinkChart": false,
  "version": "28.2.0",
}
`;

exports[`chartModelMigration upgradeChartModel should upgrade 27.0.0 successfully 1`] = `
Object {
  "cellRange": Object {
    "columns": Array [
      "country",
      "sugar",
      "fat",
      "weight",
    ],
    "rowEndIndex": 6,
    "rowStartIndex": 0,
  },
  "chartId": "id-euq7obqgu8i",
  "chartOptions": Object {
    "column": Object {
      "autoSize": true,
      "axes": Object {
        "category": Object {
          "bottom": Object {},
          "gridStyle": Array [
            Object {
              "lineDash": Array [
                4,
                2,
              ],
              "stroke": "rgb(219, 219, 219)",
            },
          ],
          "label": Object {
            "autoRotate": true,
            "color": "rgb(87, 87, 87)",
            "fontFamily": "Verdana, sans-serif",
            "fontSize": 12,
            "padding": 5,
            "rotation": 0,
          },
          "left": Object {},
          "line": Object {
            "color": "rgb(195, 195, 195)",
            "width": 1,
          },
          "right": Object {},
          "thickness": 0,
          "tick": Object {
            "color": "rgb(195, 195, 195)",
            "count": 10,
            "size": 6,
            "width": 1,
          },
          "title": Object {
            "color": "rgb(70, 70, 70)",
            "enabled": false,
            "fontFamily": "Verdana, sans-serif",
            "fontSize": 12,
            "fontWeight": "bold",
            "text": "Axis Title",
          },
          "top": Object {},
        },
        "groupedCategory": Object {
          "bottom": Object {},
          "gridStyle": Array [
            Object {
              "lineDash": Array [
                4,
                2,
              ],
              "stroke": "rgb(219, 219, 219)",
            },
          ],
          "label": Object {
            "color": "rgb(87, 87, 87)",
            "fontFamily": "Verdana, sans-serif",
            "fontSize": 12,
            "padding": 5,
            "rotation": 0,
          },
          "left": Object {},
          "line": Object {
            "color": "rgb(195, 195, 195)",
            "width": 1,
          },
          "right": Object {},
          "thickness": 0,
          "tick": Object {
            "color": "rgb(195, 195, 195)",
            "count": 10,
            "size": 6,
            "width": 1,
          },
          "title": Object {
            "color": "rgb(70, 70, 70)",
            "enabled": false,
            "fontFamily": "Verdana, sans-serif",
            "fontSize": 12,
            "fontWeight": "bold",
            "text": "Axis Title",
          },
          "top": Object {},
        },
        "log": Object {
          "base": 10,
          "bottom": Object {},
          "gridStyle": Array [
            Object {
              "lineDash": Array [
                4,
                2,
              ],
              "stroke": "rgb(219, 219, 219)",
            },
          ],
          "label": Object {
            "color": "rgb(87, 87, 87)",
            "fontFamily": "Verdana, sans-serif",
            "fontSize": 12,
            "padding": 5,
            "rotation": 0,
          },
          "left": Object {},
          "line": Object {
            "color": "rgb(195, 195, 195)",
            "width": 1,
          },
          "right": Object {},
          "thickness": 0,
          "tick": Object {
            "color": "rgb(195, 195, 195)",
            "count": 10,
            "size": 6,
            "width": 1,
          },
          "title": Object {
            "color": "rgb(70, 70, 70)",
            "enabled": false,
            "fontFamily": "Verdana, sans-serif",
            "fontSize": 12,
            "fontWeight": "bold",
            "text": "Axis Title",
          },
          "top": Object {},
        },
        "number": Object {
          "bottom": Object {},
          "gridStyle": Array [
            Object {
              "lineDash": Array [
                4,
                2,
              ],
              "stroke": "rgb(219, 219, 219)",
            },
          ],
          "label": Object {
            "color": "rgb(87, 87, 87)",
            "fontFamily": "Verdana, sans-serif",
            "fontSize": 12,
            "padding": 5,
            "rotation": 0,
          },
          "left": Object {},
          "line": Object {
            "color": "rgb(195, 195, 195)",
            "width": 1,
          },
          "right": Object {},
          "thickness": 0,
          "tick": Object {
            "color": "rgb(195, 195, 195)",
            "count": 10,
            "size": 6,
            "width": 1,
          },
          "title": Object {
            "color": "rgb(70, 70, 70)",
            "enabled": false,
            "fontFamily": "Verdana, sans-serif",
            "fontSize": 12,
            "fontWeight": "bold",
            "text": "Axis Title",
          },
          "top": Object {},
        },
        "time": Object {
          "bottom": Object {},
          "gridStyle": Array [
            Object {
              "lineDash": Array [
                4,
                2,
              ],
              "stroke": "rgb(219, 219, 219)",
            },
          ],
          "label": Object {
            "color": "rgb(87, 87, 87)",
            "fontFamily": "Verdana, sans-serif",
            "fontSize": 12,
            "padding": 5,
            "rotation": 0,
          },
          "left": Object {},
          "line": Object {
            "color": "rgb(195, 195, 195)",
            "width": 1,
          },
          "right": Object {},
          "thickness": 0,
          "tick": Object {
            "color": "rgb(195, 195, 195)",
            "count": 10,
            "size": 6,
            "width": 1,
          },
          "title": Object {
            "color": "rgb(70, 70, 70)",
            "enabled": false,
            "fontFamily": "Verdana, sans-serif",
            "fontSize": 12,
            "fontWeight": "bold",
            "text": "Axis Title",
          },
          "top": Object {},
        },
      },
      "background": Object {
        "fill": "white",
        "visible": true,
      },
      "legend": Object {
        "enabled": true,
        "item": Object {
          "label": Object {
            "color": "black",
            "fontFamily": "Verdana, sans-serif",
            "fontSize": 12,
          },
          "marker": Object {
            "padding": 8,
            "size": 15,
            "strokeWidth": 1,
          },
          "paddingX": 16,
          "paddingY": 8,
        },
        "position": "right",
        "spacing": 20,
      },
      "navigator": Object {
        "enabled": false,
        "height": 30,
        "mask": Object {
          "fill": "#999999",
          "fillOpacity": 0.2,
          "stroke": "#999999",
          "strokeWidth": 1,
        },
        "maxHandle": Object {
          "fill": "#f2f2f2",
          "gripLineGap": 2,
          "gripLineLength": 8,
          "height": 16,
          "stroke": "#999999",
          "strokeWidth": 1,
          "width": 8,
        },
        "minHandle": Object {
          "fill": "#f2f2f2",
          "gripLineGap": 2,
          "gripLineLength": 8,
          "height": 16,
          "stroke": "#999999",
          "strokeWidth": 1,
          "width": 8,
        },
      },
      "padding": Object {
        "bottom": 20,
        "left": 20,
        "right": 20,
        "top": 20,
      },
      "series": Object {
        "cursor": "default",
        "fillOpacity": 1,
        "flipXY": false,
        "grouped": false,
        "highlightStyle": Object {
          "item": Object {
            "fill": "yellow",
          },
          "series": Object {
            "dimOpacity": 1,
          },
        },
        "label": Object {
          "color": "rgb(70, 70, 70)",
          "enabled": false,
          "fontFamily": "Verdana, sans-serif",
          "fontSize": 12,
          "placement": "inside",
        },
        "lineDash": Array [
          0,
        ],
        "lineDashOffset": 0,
        "shadow": Object {
          "blur": 5,
          "color": "rgba(0, 0, 0, 0.5)",
          "enabled": false,
          "xOffset": 3,
          "yOffset": 3,
        },
        "showInLegend": true,
        "strokeOpacity": 1,
        "strokeWidth": 1,
        "tooltip": Object {
          "enabled": true,
        },
        "visible": true,
        "xKey": "",
        "xName": "",
        "yKeys": Array [],
        "yNames": Array [],
      },
      "subtitle": Object {
        "color": "rgb(140, 140, 140)",
        "enabled": false,
        "fontFamily": "Verdana, sans-serif",
        "fontSize": 12,
        "text": "Subtitle",
      },
      "title": Object {
        "color": "rgb(70, 70, 70)",
        "enabled": false,
        "fontFamily": "Verdana, sans-serif",
        "fontSize": 16,
        "fontWeight": "bold",
        "text": "Title",
      },
      "tooltip": Object {
        "class": "ag-chart-tooltip",
        "delay": 0,
        "enabled": true,
        "tracking": true,
      },
    },
  },
  "chartThemeName": "ag-default",
  "chartType": "groupedColumn",
  "modelType": "range",
  "suppressChartRanges": false,
  "unlinkChart": false,
  "version": "28.2.0",
}
`;

exports[`chartModelMigration upgradeChartModel should upgrade 28.0.0 successfully 1`] = `
Object {
  "cellRange": Object {
    "columns": Array [
      "country",
      "sugar",
      "fat",
      "weight",
    ],
    "rowEndIndex": 11,
    "rowEndPinned": null,
    "rowStartIndex": 0,
    "rowStartPinned": null,
  },
  "chartId": "id-uhym1f2yxi",
  "chartOptions": Object {
    "column": Object {
      "axes": Object {
        "category": Object {
          "bottom": Object {},
          "gridStyle": Array [
            Object {
              "lineDash": Array [
                4,
                2,
              ],
              "stroke": "rgb(219, 219, 219)",
            },
          ],
          "label": Object {
            "autoRotate": true,
            "color": "rgb(87, 87, 87)",
            "fontFamily": "Verdana, sans-serif",
            "fontSize": 12,
            "padding": 5,
          },
          "left": Object {},
          "line": Object {
            "color": "rgb(195, 195, 195)",
            "width": 1,
          },
          "right": Object {},
          "thickness": 0,
          "tick": Object {
            "color": "rgb(195, 195, 195)",
            "size": 6,
            "width": 1,
          },
          "title": Object {
            "color": "rgb(70, 70, 70)",
            "enabled": false,
            "fontFamily": "Verdana, sans-serif",
            "fontSize": 12,
            "fontWeight": "bold",
            "text": "Axis Title",
          },
          "top": Object {},
        },
        "groupedCategory": Object {
          "bottom": Object {},
          "gridStyle": Array [
            Object {
              "lineDash": Array [
                4,
                2,
              ],
              "stroke": "rgb(219, 219, 219)",
            },
          ],
          "label": Object {
            "autoRotate": false,
            "color": "rgb(87, 87, 87)",
            "fontFamily": "Verdana, sans-serif",
            "fontSize": 12,
            "padding": 5,
          },
          "left": Object {},
          "line": Object {
            "color": "rgb(195, 195, 195)",
            "width": 1,
          },
          "right": Object {},
          "thickness": 0,
          "tick": Object {
            "color": "rgb(195, 195, 195)",
            "size": 6,
            "width": 1,
          },
          "title": Object {
            "color": "rgb(70, 70, 70)",
            "enabled": false,
            "fontFamily": "Verdana, sans-serif",
            "fontSize": 12,
            "fontWeight": "bold",
            "text": "Axis Title",
          },
          "top": Object {},
        },
        "log": Object {
          "base": 10,
          "bottom": Object {},
          "gridStyle": Array [
            Object {
              "lineDash": Array [
                4,
                2,
              ],
              "stroke": "rgb(219, 219, 219)",
            },
          ],
          "label": Object {
            "autoRotate": false,
            "color": "rgb(87, 87, 87)",
            "fontFamily": "Verdana, sans-serif",
            "fontSize": 12,
            "padding": 5,
          },
          "left": Object {},
          "line": Object {
            "color": "rgb(195, 195, 195)",
            "width": 1,
          },
          "right": Object {},
          "thickness": 0,
          "tick": Object {
            "color": "rgb(195, 195, 195)",
            "size": 6,
            "width": 1,
          },
          "title": Object {
            "color": "rgb(70, 70, 70)",
            "enabled": false,
            "fontFamily": "Verdana, sans-serif",
            "fontSize": 12,
            "fontWeight": "bold",
            "text": "Axis Title",
          },
          "top": Object {},
        },
        "number": Object {
          "bottom": Object {},
          "gridStyle": Array [
            Object {
              "lineDash": Array [
                4,
                2,
              ],
              "stroke": "rgb(219, 219, 219)",
            },
          ],
          "label": Object {
            "autoRotate": false,
            "color": "rgb(87, 87, 87)",
            "fontFamily": "Verdana, sans-serif",
            "fontSize": 12,
            "padding": 5,
          },
          "left": Object {},
          "line": Object {
            "color": "rgb(195, 195, 195)",
            "width": 1,
          },
          "right": Object {},
          "thickness": 0,
          "tick": Object {
            "color": "rgb(195, 195, 195)",
            "size": 6,
            "width": 1,
          },
          "title": Object {
            "color": "rgb(70, 70, 70)",
            "enabled": false,
            "fontFamily": "Verdana, sans-serif",
            "fontSize": 12,
            "fontWeight": "bold",
            "text": "Axis Title",
          },
          "top": Object {},
        },
        "time": Object {
          "bottom": Object {},
          "gridStyle": Array [
            Object {
              "lineDash": Array [
                4,
                2,
              ],
              "stroke": "rgb(219, 219, 219)",
            },
          ],
          "label": Object {
            "autoRotate": false,
            "color": "rgb(87, 87, 87)",
            "fontFamily": "Verdana, sans-serif",
            "fontSize": 12,
            "padding": 5,
          },
          "left": Object {},
          "line": Object {
            "color": "rgb(195, 195, 195)",
            "width": 1,
          },
          "right": Object {},
          "thickness": 0,
          "tick": Object {
            "color": "rgb(195, 195, 195)",
            "size": 6,
            "width": 1,
          },
          "title": Object {
            "color": "rgb(70, 70, 70)",
            "enabled": false,
            "fontFamily": "Verdana, sans-serif",
            "fontSize": 12,
            "fontWeight": "bold",
            "text": "Axis Title",
          },
          "top": Object {},
        },
      },
      "background": Object {
        "fill": "white",
        "visible": true,
      },
      "legend": Object {
        "enabled": true,
        "item": Object {
          "label": Object {
            "color": "black",
            "fontFamily": "Verdana, sans-serif",
            "fontSize": 12,
          },
          "marker": Object {
            "padding": 8,
            "size": 15,
            "strokeWidth": 1,
          },
          "paddingX": 16,
          "paddingY": 8,
        },
        "position": "right",
        "spacing": 20,
      },
      "navigator": Object {
        "enabled": false,
        "height": 30,
        "mask": Object {
          "fill": "#999999",
          "fillOpacity": 0.2,
          "stroke": "#999999",
          "strokeWidth": 1,
        },
        "maxHandle": Object {
          "fill": "#f2f2f2",
          "gripLineGap": 2,
          "gripLineLength": 8,
          "height": 16,
          "stroke": "#999999",
          "strokeWidth": 1,
          "width": 8,
        },
        "minHandle": Object {
          "fill": "#f2f2f2",
          "gripLineGap": 2,
          "gripLineLength": 8,
          "height": 16,
          "stroke": "#999999",
          "strokeWidth": 1,
          "width": 8,
        },
      },
      "padding": Object {
        "bottom": 20,
        "left": 20,
        "right": 20,
        "top": 20,
      },
      "series": Object {
        "cursor": "default",
        "fillOpacity": 1,
        "flipXY": false,
        "grouped": false,
        "highlightStyle": Object {
          "item": Object {
            "fill": "yellow",
          },
          "series": Object {
            "dimOpacity": 1,
          },
        },
        "label": Object {
          "color": "rgb(70, 70, 70)",
          "enabled": false,
          "fontFamily": "Verdana, sans-serif",
          "fontSize": 12,
          "placement": "inside",
        },
        "lineDash": Array [
          0,
        ],
        "lineDashOffset": 0,
        "shadow": Object {
          "blur": 5,
          "color": "rgba(0, 0, 0, 0.5)",
          "enabled": false,
          "xOffset": 3,
          "yOffset": 3,
        },
        "showInLegend": true,
        "strokeOpacity": 1,
        "strokeWidth": 1,
        "tooltip": Object {
          "enabled": true,
        },
        "visible": true,
        "xKey": "",
        "xName": "",
      },
      "subtitle": Object {
        "color": "rgb(140, 140, 140)",
        "enabled": false,
        "fontFamily": "Verdana, sans-serif",
        "fontSize": 12,
        "text": "Subtitle",
      },
      "title": Object {
        "color": "rgb(70, 70, 70)",
        "enabled": false,
        "fontFamily": "Verdana, sans-serif",
        "fontSize": 16,
        "fontWeight": "bold",
        "text": "Title",
      },
      "tooltip": Object {
        "class": "ag-chart-tooltip",
        "delay": 0,
        "enabled": true,
        "tracking": true,
      },
    },
  },
  "chartPalette": Object {
    "fills": Array [
      "#f3622d",
      "#fba71b",
      "#57b757",
      "#41a9c9",
      "#4258c9",
      "#9a42c8",
      "#c84164",
      "#888888",
    ],
    "strokes": Array [
      "#aa4520",
      "#b07513",
      "#3d803d",
      "#2d768d",
      "#2e3e8d",
      "#6c2e8c",
      "#8c2d46",
      "#5f5f5f",
    ],
  },
  "chartThemeName": "ag-default",
  "chartType": "groupedColumn",
  "modelType": "range",
  "suppressChartRanges": false,
  "unlinkChart": false,
  "version": "28.2.0",
}
`;
