// Vitest Snapshot v1, https://vitest.dev/guide/snapshot.html

exports[`ag-grid tree data groupCellRenderer > with rowModelType=serverSide - master detail > masterDetail=false > autoGroupColumnDef.cellRendererParams.suppressCount=false 1`] = `
[
  "<span class="ag-cell-wrapper ag-cell-expandable ag-row-group ag-row-group-indent-0" style="--ag-indentation-level: 0;"> <span class="ag-group-expanded" data-ref="eExpanded" aria-hidden="false"><span class="ag-icon ag-icon-tree-open" role="presentation" unselectable="on"></span></span> <span class="ag-group-contracted ag-hidden" data-ref="eContracted" aria-hidden="true"><span class="ag-icon ag-icon-tree-closed" role="presentation" unselectable="on"></span></span> <span class="ag-group-checkbox ag-invisible" data-ref="eCheckbox"></span> <span class="ag-group-value" data-ref="eValue">Ireland</span> <span class="ag-group-child-count" data-ref="eChildCount">(50)</span> </span>",
  "<span class="ag-cell-wrapper ag-cell-expandable ag-row-group ag-row-group-indent-1" style="--ag-indentation-level: 1;"> <span class="ag-group-expanded" data-ref="eExpanded" aria-hidden="false"><span class="ag-icon ag-icon-tree-open" role="presentation" unselectable="on"></span></span> <span class="ag-group-contracted ag-hidden" data-ref="eContracted" aria-hidden="true"><span class="ag-icon ag-icon-tree-closed" role="presentation" unselectable="on"></span></span> <span class="ag-group-checkbox ag-invisible" data-ref="eCheckbox"></span> <span class="ag-group-value" data-ref="eValue">2000</span> <span class="ag-group-child-count" data-ref="eChildCount">(50)</span> </span>",
  "<span class="ag-cell-wrapper ag-row-group-leaf-indent ag-row-group-indent-2" style="--ag-indentation-level: 2;"> <span class="ag-group-expanded ag-hidden" data-ref="eExpanded" aria-hidden="true"><span class="ag-icon ag-icon-tree-open" role="presentation" unselectable="on"></span></span> <span class="ag-group-contracted ag-hidden" data-ref="eContracted" aria-hidden="true"><span class="ag-icon ag-icon-tree-closed" role="presentation" unselectable="on"></span></span> <span class="ag-group-checkbox ag-invisible" data-ref="eCheckbox"></span> <span class="ag-group-value" data-ref="eValue"></span> <span class="ag-group-child-count" data-ref="eChildCount">(50)</span> </span>",
  "<span class="ag-cell-wrapper ag-row-group-leaf-indent ag-row-group-indent-2" style="--ag-indentation-level: 2;"> <span class="ag-group-expanded ag-hidden" data-ref="eExpanded" aria-hidden="true"><span class="ag-icon ag-icon-tree-open" role="presentation" unselectable="on"></span></span> <span class="ag-group-contracted ag-hidden" data-ref="eContracted" aria-hidden="true"><span class="ag-icon ag-icon-tree-closed" role="presentation" unselectable="on"></span></span> <span class="ag-group-checkbox ag-invisible" data-ref="eCheckbox"></span> <span class="ag-group-value" data-ref="eValue"></span> <span class="ag-group-child-count" data-ref="eChildCount">(50)</span> </span>",
  "<span class="ag-cell-wrapper ag-row-group-indent-2 ag-row-group-leaf-indent" style="--ag-indentation-level: 2;"> <span class="ag-group-expanded ag-hidden" data-ref="eExpanded"></span> <span class="ag-group-contracted ag-hidden" data-ref="eContracted"></span> <span class="ag-group-checkbox ag-invisible" data-ref="eCheckbox"></span> <span class="ag-group-value" data-ref="eValue">Total 2000</span> <span class="ag-group-child-count" data-ref="eChildCount"></span> </span>",
  "<span class="ag-cell-wrapper ag-cell-expandable ag-row-group ag-row-group-indent-1" style="--ag-indentation-level: 1;"> <span class="ag-group-expanded" data-ref="eExpanded" aria-hidden="false"><span class="ag-icon ag-icon-tree-open" role="presentation" unselectable="on"></span></span> <span class="ag-group-contracted ag-hidden" data-ref="eContracted" aria-hidden="true"><span class="ag-icon ag-icon-tree-closed" role="presentation" unselectable="on"></span></span> <span class="ag-group-checkbox ag-invisible" data-ref="eCheckbox"></span> <span class="ag-group-value" data-ref="eValue"></span> <span class="ag-group-child-count" data-ref="eChildCount">(50)</span> </span>",
  "<span class="ag-cell-wrapper ag-row-group-leaf-indent ag-row-group-indent-2" style="--ag-indentation-level: 2;"> <span class="ag-group-expanded ag-hidden" data-ref="eExpanded" aria-hidden="true"><span class="ag-icon ag-icon-tree-open" role="presentation" unselectable="on"></span></span> <span class="ag-group-contracted ag-hidden" data-ref="eContracted" aria-hidden="true"><span class="ag-icon ag-icon-tree-closed" role="presentation" unselectable="on"></span></span> <span class="ag-group-checkbox ag-invisible" data-ref="eCheckbox"></span> <span class="ag-group-value" data-ref="eValue"></span> <span class="ag-group-child-count" data-ref="eChildCount">(50)</span> </span>",
  "<span class="ag-cell-wrapper ag-row-group-indent-2 ag-row-group-leaf-indent" style="--ag-indentation-level: 2;"> <span class="ag-group-expanded ag-hidden" data-ref="eExpanded"></span> <span class="ag-group-contracted ag-hidden" data-ref="eContracted"></span> <span class="ag-group-checkbox ag-invisible" data-ref="eCheckbox"></span> <span class="ag-group-value" data-ref="eValue">Total </span> <span class="ag-group-child-count" data-ref="eChildCount"></span> </span>",
  "<span class="ag-cell-wrapper ag-row-group-indent-1 ag-row-group-leaf-indent" style="--ag-indentation-level: 1;"> <span class="ag-group-expanded ag-hidden" data-ref="eExpanded"></span> <span class="ag-group-contracted ag-hidden" data-ref="eContracted"></span> <span class="ag-group-checkbox ag-invisible" data-ref="eCheckbox"></span> <span class="ag-group-value" data-ref="eValue">Total Ireland</span> <span class="ag-group-child-count" data-ref="eChildCount"></span> </span>",
  "<span class="ag-cell-wrapper ag-cell-expandable ag-row-group ag-row-group-indent-0" style="--ag-indentation-level: 0;"> <span class="ag-group-expanded" data-ref="eExpanded" aria-hidden="false"><span class="ag-icon ag-icon-tree-open" role="presentation" unselectable="on"></span></span> <span class="ag-group-contracted ag-hidden" data-ref="eContracted" aria-hidden="true"><span class="ag-icon ag-icon-tree-closed" role="presentation" unselectable="on"></span></span> <span class="ag-group-checkbox ag-invisible" data-ref="eCheckbox"></span> <span class="ag-group-value" data-ref="eValue">Italy</span> <span class="ag-group-child-count" data-ref="eChildCount">(50)</span> </span>",
  "<span class="ag-cell-wrapper ag-cell-expandable ag-row-group ag-row-group-indent-1" style="--ag-indentation-level: 1;"> <span class="ag-group-expanded" data-ref="eExpanded" aria-hidden="false"><span class="ag-icon ag-icon-tree-open" role="presentation" unselectable="on"></span></span> <span class="ag-group-contracted ag-hidden" data-ref="eContracted" aria-hidden="true"><span class="ag-icon ag-icon-tree-closed" role="presentation" unselectable="on"></span></span> <span class="ag-group-checkbox ag-invisible" data-ref="eCheckbox"></span> <span class="ag-group-value" data-ref="eValue">2000</span> <span class="ag-group-child-count" data-ref="eChildCount">(50)</span> </span>",
  "<span class="ag-cell-wrapper ag-row-group-leaf-indent ag-row-group-indent-2" style="--ag-indentation-level: 2;"> <span class="ag-group-expanded ag-hidden" data-ref="eExpanded" aria-hidden="true"><span class="ag-icon ag-icon-tree-open" role="presentation" unselectable="on"></span></span> <span class="ag-group-contracted ag-hidden" data-ref="eContracted" aria-hidden="true"><span class="ag-icon ag-icon-tree-closed" role="presentation" unselectable="on"></span></span> <span class="ag-group-checkbox ag-invisible" data-ref="eCheckbox"></span> <span class="ag-group-value" data-ref="eValue"></span> <span class="ag-group-child-count" data-ref="eChildCount">(50)</span> </span>",
  "<span class="ag-cell-wrapper ag-row-group-indent-2 ag-row-group-leaf-indent" style="--ag-indentation-level: 2;"> <span class="ag-group-expanded ag-hidden" data-ref="eExpanded"></span> <span class="ag-group-contracted ag-hidden" data-ref="eContracted"></span> <span class="ag-group-checkbox ag-invisible" data-ref="eCheckbox"></span> <span class="ag-group-value" data-ref="eValue">Total 2000</span> <span class="ag-group-child-count" data-ref="eChildCount"></span> </span>",
  "<span class="ag-cell-wrapper ag-cell-expandable ag-row-group ag-row-group-indent-1" style="--ag-indentation-level: 1;"> <span class="ag-group-expanded" data-ref="eExpanded" aria-hidden="false"><span class="ag-icon ag-icon-tree-open" role="presentation" unselectable="on"></span></span> <span class="ag-group-contracted ag-hidden" data-ref="eContracted" aria-hidden="true"><span class="ag-icon ag-icon-tree-closed" role="presentation" unselectable="on"></span></span> <span class="ag-group-checkbox ag-invisible" data-ref="eCheckbox"></span> <span class="ag-group-value" data-ref="eValue">2001</span> <span class="ag-group-child-count" data-ref="eChildCount">(50)</span> </span>",
  "<span class="ag-cell-wrapper ag-row-group-leaf-indent ag-row-group-indent-2" style="--ag-indentation-level: 2;"> <span class="ag-group-expanded ag-hidden" data-ref="eExpanded" aria-hidden="true"><span class="ag-icon ag-icon-tree-open" role="presentation" unselectable="on"></span></span> <span class="ag-group-contracted ag-hidden" data-ref="eContracted" aria-hidden="true"><span class="ag-icon ag-icon-tree-closed" role="presentation" unselectable="on"></span></span> <span class="ag-group-checkbox ag-invisible" data-ref="eCheckbox"></span> <span class="ag-group-value" data-ref="eValue"></span> <span class="ag-group-child-count" data-ref="eChildCount">(50)</span> </span>",
  "<span class="ag-cell-wrapper ag-row-group-indent-2 ag-row-group-leaf-indent" style="--ag-indentation-level: 2;"> <span class="ag-group-expanded ag-hidden" data-ref="eExpanded"></span> <span class="ag-group-contracted ag-hidden" data-ref="eContracted"></span> <span class="ag-group-checkbox ag-invisible" data-ref="eCheckbox"></span> <span class="ag-group-value" data-ref="eValue">Total 2001</span> <span class="ag-group-child-count" data-ref="eChildCount"></span> </span>",
  "<span class="ag-cell-wrapper ag-row-group-indent-1 ag-row-group-leaf-indent" style="--ag-indentation-level: 1;"> <span class="ag-group-expanded ag-hidden" data-ref="eExpanded"></span> <span class="ag-group-contracted ag-hidden" data-ref="eContracted"></span> <span class="ag-group-checkbox ag-invisible" data-ref="eCheckbox"></span> <span class="ag-group-value" data-ref="eValue">Total Italy</span> <span class="ag-group-child-count" data-ref="eChildCount"></span> </span>",
  "<span class="ag-cell-wrapper ag-cell-expandable ag-row-group ag-row-group-indent-0" style="--ag-indentation-level: 0;"> <span class="ag-group-expanded" data-ref="eExpanded" aria-hidden="false"><span class="ag-icon ag-icon-tree-open" role="presentation" unselectable="on"></span></span> <span class="ag-group-contracted ag-hidden" data-ref="eContracted" aria-hidden="true"><span class="ag-icon ag-icon-tree-closed" role="presentation" unselectable="on"></span></span> <span class="ag-group-checkbox ag-invisible" data-ref="eCheckbox"></span> <span class="ag-group-value" data-ref="eValue"></span> <span class="ag-group-child-count" data-ref="eChildCount">(50)</span> </span>",
  "<span class="ag-cell-wrapper ag-cell-expandable ag-row-group ag-row-group-indent-1" style="--ag-indentation-level: 1;"> <span class="ag-group-expanded" data-ref="eExpanded" aria-hidden="false"><span class="ag-icon ag-icon-tree-open" role="presentation" unselectable="on"></span></span> <span class="ag-group-contracted ag-hidden" data-ref="eContracted" aria-hidden="true"><span class="ag-icon ag-icon-tree-closed" role="presentation" unselectable="on"></span></span> <span class="ag-group-checkbox ag-invisible" data-ref="eCheckbox"></span> <span class="ag-group-value" data-ref="eValue">2000</span> <span class="ag-group-child-count" data-ref="eChildCount">(50)</span> </span>",
  "<span class="ag-cell-wrapper ag-row-group-leaf-indent ag-row-group-indent-2" style="--ag-indentation-level: 2;"> <span class="ag-group-expanded ag-hidden" data-ref="eExpanded" aria-hidden="true"><span class="ag-icon ag-icon-tree-open" role="presentation" unselectable="on"></span></span> <span class="ag-group-contracted ag-hidden" data-ref="eContracted" aria-hidden="true"><span class="ag-icon ag-icon-tree-closed" role="presentation" unselectable="on"></span></span> <span class="ag-group-checkbox ag-invisible" data-ref="eCheckbox"></span> <span class="ag-group-value" data-ref="eValue"></span> <span class="ag-group-child-count" data-ref="eChildCount">(50)</span> </span>",
  "<span class="ag-cell-wrapper ag-row-group-indent-2 ag-row-group-leaf-indent" style="--ag-indentation-level: 2;"> <span class="ag-group-expanded ag-hidden" data-ref="eExpanded"></span> <span class="ag-group-contracted ag-hidden" data-ref="eContracted"></span> <span class="ag-group-checkbox ag-invisible" data-ref="eCheckbox"></span> <span class="ag-group-value" data-ref="eValue">Total 2000</span> <span class="ag-group-child-count" data-ref="eChildCount"></span> </span>",
  "<span class="ag-cell-wrapper ag-cell-expandable ag-row-group ag-row-group-indent-1" style="--ag-indentation-level: 1;"> <span class="ag-group-expanded" data-ref="eExpanded" aria-hidden="false"><span class="ag-icon ag-icon-tree-open" role="presentation" unselectable="on"></span></span> <span class="ag-group-contracted ag-hidden" data-ref="eContracted" aria-hidden="true"><span class="ag-icon ag-icon-tree-closed" role="presentation" unselectable="on"></span></span> <span class="ag-group-checkbox ag-invisible" data-ref="eCheckbox"></span> <span class="ag-group-value" data-ref="eValue">2001</span> <span class="ag-group-child-count" data-ref="eChildCount">(50)</span> </span>",
  "<span class="ag-cell-wrapper ag-row-group-leaf-indent ag-row-group-indent-2" style="--ag-indentation-level: 2;"> <span class="ag-group-expanded ag-hidden" data-ref="eExpanded" aria-hidden="true"><span class="ag-icon ag-icon-tree-open" role="presentation" unselectable="on"></span></span> <span class="ag-group-contracted ag-hidden" data-ref="eContracted" aria-hidden="true"><span class="ag-icon ag-icon-tree-closed" role="presentation" unselectable="on"></span></span> <span class="ag-group-checkbox ag-invisible" data-ref="eCheckbox"></span> <span class="ag-group-value" data-ref="eValue"></span> <span class="ag-group-child-count" data-ref="eChildCount">(50)</span> </span>",
  "<span class="ag-cell-wrapper ag-row-group-indent-2 ag-row-group-leaf-indent" style="--ag-indentation-level: 2;"> <span class="ag-group-expanded ag-hidden" data-ref="eExpanded"></span> <span class="ag-group-contracted ag-hidden" data-ref="eContracted"></span> <span class="ag-group-checkbox ag-invisible" data-ref="eCheckbox"></span> <span class="ag-group-value" data-ref="eValue">Total 2001</span> <span class="ag-group-child-count" data-ref="eChildCount"></span> </span>",
  "<span class="ag-cell-wrapper ag-cell-expandable ag-row-group ag-row-group-indent-1" style="--ag-indentation-level: 1;"> <span class="ag-group-expanded" data-ref="eExpanded" aria-hidden="false"><span class="ag-icon ag-icon-tree-open" role="presentation" unselectable="on"></span></span> <span class="ag-group-contracted ag-hidden" data-ref="eContracted" aria-hidden="true"><span class="ag-icon ag-icon-tree-closed" role="presentation" unselectable="on"></span></span> <span class="ag-group-checkbox ag-invisible" data-ref="eCheckbox"></span> <span class="ag-group-value" data-ref="eValue"></span> <span class="ag-group-child-count" data-ref="eChildCount">(50)</span> </span>",
  "<span class="ag-cell-wrapper ag-row-group-leaf-indent ag-row-group-indent-2" style="--ag-indentation-level: 2;"> <span class="ag-group-expanded ag-hidden" data-ref="eExpanded" aria-hidden="true"><span class="ag-icon ag-icon-tree-open" role="presentation" unselectable="on"></span></span> <span class="ag-group-contracted ag-hidden" data-ref="eContracted" aria-hidden="true"><span class="ag-icon ag-icon-tree-closed" role="presentation" unselectable="on"></span></span> <span class="ag-group-checkbox ag-invisible" data-ref="eCheckbox"></span> <span class="ag-group-value" data-ref="eValue"></span> <span class="ag-group-child-count" data-ref="eChildCount">(50)</span> </span>",
  "<span class="ag-cell-wrapper ag-row-group-indent-2 ag-row-group-leaf-indent" style="--ag-indentation-level: 2;"> <span class="ag-group-expanded ag-hidden" data-ref="eExpanded"></span> <span class="ag-group-contracted ag-hidden" data-ref="eContracted"></span> <span class="ag-group-checkbox ag-invisible" data-ref="eCheckbox"></span> <span class="ag-group-value" data-ref="eValue">Total </span> <span class="ag-group-child-count" data-ref="eChildCount"></span> </span>",
  "<span class="ag-cell-wrapper ag-row-group-indent-1 ag-row-group-leaf-indent" style="--ag-indentation-level: 1;"> <span class="ag-group-expanded ag-hidden" data-ref="eExpanded"></span> <span class="ag-group-contracted ag-hidden" data-ref="eContracted"></span> <span class="ag-group-checkbox ag-invisible" data-ref="eCheckbox"></span> <span class="ag-group-value" data-ref="eValue">Total </span> <span class="ag-group-child-count" data-ref="eChildCount"></span> </span>",
]
`;

exports[`ag-grid tree data groupCellRenderer > with rowModelType=serverSide - master detail > masterDetail=false > autoGroupColumnDef.cellRendererParams.suppressCount=true 1`] = `
[
  "<span class="ag-cell-wrapper ag-cell-expandable ag-row-group ag-row-group-indent-0" style="--ag-indentation-level: 0;"> <span class="ag-group-expanded" data-ref="eExpanded" aria-hidden="false"><span class="ag-icon ag-icon-tree-open" role="presentation" unselectable="on"></span></span> <span class="ag-group-contracted ag-hidden" data-ref="eContracted" aria-hidden="true"><span class="ag-icon ag-icon-tree-closed" role="presentation" unselectable="on"></span></span> <span class="ag-group-checkbox ag-invisible" data-ref="eCheckbox"></span> <span class="ag-group-value" data-ref="eValue">Ireland</span> <span class="ag-group-child-count" data-ref="eChildCount">(50)</span> </span>",
  "<span class="ag-cell-wrapper ag-cell-expandable ag-row-group ag-row-group-indent-1" style="--ag-indentation-level: 1;"> <span class="ag-group-expanded" data-ref="eExpanded" aria-hidden="false"><span class="ag-icon ag-icon-tree-open" role="presentation" unselectable="on"></span></span> <span class="ag-group-contracted ag-hidden" data-ref="eContracted" aria-hidden="true"><span class="ag-icon ag-icon-tree-closed" role="presentation" unselectable="on"></span></span> <span class="ag-group-checkbox ag-invisible" data-ref="eCheckbox"></span> <span class="ag-group-value" data-ref="eValue">2000</span> <span class="ag-group-child-count" data-ref="eChildCount">(50)</span> </span>",
  "<span class="ag-cell-wrapper ag-row-group-leaf-indent ag-row-group-indent-2" style="--ag-indentation-level: 2;"> <span class="ag-group-expanded ag-hidden" data-ref="eExpanded" aria-hidden="true"><span class="ag-icon ag-icon-tree-open" role="presentation" unselectable="on"></span></span> <span class="ag-group-contracted ag-hidden" data-ref="eContracted" aria-hidden="true"><span class="ag-icon ag-icon-tree-closed" role="presentation" unselectable="on"></span></span> <span class="ag-group-checkbox ag-invisible" data-ref="eCheckbox"></span> <span class="ag-group-value" data-ref="eValue"></span> <span class="ag-group-child-count" data-ref="eChildCount">(50)</span> </span>",
  "<span class="ag-cell-wrapper ag-row-group-leaf-indent ag-row-group-indent-2" style="--ag-indentation-level: 2;"> <span class="ag-group-expanded ag-hidden" data-ref="eExpanded" aria-hidden="true"><span class="ag-icon ag-icon-tree-open" role="presentation" unselectable="on"></span></span> <span class="ag-group-contracted ag-hidden" data-ref="eContracted" aria-hidden="true"><span class="ag-icon ag-icon-tree-closed" role="presentation" unselectable="on"></span></span> <span class="ag-group-checkbox ag-invisible" data-ref="eCheckbox"></span> <span class="ag-group-value" data-ref="eValue"></span> <span class="ag-group-child-count" data-ref="eChildCount">(50)</span> </span>",
  "<span class="ag-cell-wrapper ag-row-group-indent-2 ag-row-group-leaf-indent" style="--ag-indentation-level: 2;"> <span class="ag-group-expanded ag-hidden" data-ref="eExpanded"></span> <span class="ag-group-contracted ag-hidden" data-ref="eContracted"></span> <span class="ag-group-checkbox ag-invisible" data-ref="eCheckbox"></span> <span class="ag-group-value" data-ref="eValue">Total 2000</span> <span class="ag-group-child-count" data-ref="eChildCount"></span> </span>",
  "<span class="ag-cell-wrapper ag-cell-expandable ag-row-group ag-row-group-indent-1" style="--ag-indentation-level: 1;"> <span class="ag-group-expanded" data-ref="eExpanded" aria-hidden="false"><span class="ag-icon ag-icon-tree-open" role="presentation" unselectable="on"></span></span> <span class="ag-group-contracted ag-hidden" data-ref="eContracted" aria-hidden="true"><span class="ag-icon ag-icon-tree-closed" role="presentation" unselectable="on"></span></span> <span class="ag-group-checkbox ag-invisible" data-ref="eCheckbox"></span> <span class="ag-group-value" data-ref="eValue"></span> <span class="ag-group-child-count" data-ref="eChildCount">(50)</span> </span>",
  "<span class="ag-cell-wrapper ag-row-group-leaf-indent ag-row-group-indent-2" style="--ag-indentation-level: 2;"> <span class="ag-group-expanded ag-hidden" data-ref="eExpanded" aria-hidden="true"><span class="ag-icon ag-icon-tree-open" role="presentation" unselectable="on"></span></span> <span class="ag-group-contracted ag-hidden" data-ref="eContracted" aria-hidden="true"><span class="ag-icon ag-icon-tree-closed" role="presentation" unselectable="on"></span></span> <span class="ag-group-checkbox ag-invisible" data-ref="eCheckbox"></span> <span class="ag-group-value" data-ref="eValue"></span> <span class="ag-group-child-count" data-ref="eChildCount">(50)</span> </span>",
  "<span class="ag-cell-wrapper ag-row-group-indent-2 ag-row-group-leaf-indent" style="--ag-indentation-level: 2;"> <span class="ag-group-expanded ag-hidden" data-ref="eExpanded"></span> <span class="ag-group-contracted ag-hidden" data-ref="eContracted"></span> <span class="ag-group-checkbox ag-invisible" data-ref="eCheckbox"></span> <span class="ag-group-value" data-ref="eValue">Total </span> <span class="ag-group-child-count" data-ref="eChildCount"></span> </span>",
  "<span class="ag-cell-wrapper ag-row-group-indent-1 ag-row-group-leaf-indent" style="--ag-indentation-level: 1;"> <span class="ag-group-expanded ag-hidden" data-ref="eExpanded"></span> <span class="ag-group-contracted ag-hidden" data-ref="eContracted"></span> <span class="ag-group-checkbox ag-invisible" data-ref="eCheckbox"></span> <span class="ag-group-value" data-ref="eValue">Total Ireland</span> <span class="ag-group-child-count" data-ref="eChildCount"></span> </span>",
  "<span class="ag-cell-wrapper ag-cell-expandable ag-row-group ag-row-group-indent-0" style="--ag-indentation-level: 0;"> <span class="ag-group-expanded" data-ref="eExpanded" aria-hidden="false"><span class="ag-icon ag-icon-tree-open" role="presentation" unselectable="on"></span></span> <span class="ag-group-contracted ag-hidden" data-ref="eContracted" aria-hidden="true"><span class="ag-icon ag-icon-tree-closed" role="presentation" unselectable="on"></span></span> <span class="ag-group-checkbox ag-invisible" data-ref="eCheckbox"></span> <span class="ag-group-value" data-ref="eValue">Italy</span> <span class="ag-group-child-count" data-ref="eChildCount">(50)</span> </span>",
  "<span class="ag-cell-wrapper ag-cell-expandable ag-row-group ag-row-group-indent-1" style="--ag-indentation-level: 1;"> <span class="ag-group-expanded" data-ref="eExpanded" aria-hidden="false"><span class="ag-icon ag-icon-tree-open" role="presentation" unselectable="on"></span></span> <span class="ag-group-contracted ag-hidden" data-ref="eContracted" aria-hidden="true"><span class="ag-icon ag-icon-tree-closed" role="presentation" unselectable="on"></span></span> <span class="ag-group-checkbox ag-invisible" data-ref="eCheckbox"></span> <span class="ag-group-value" data-ref="eValue">2000</span> <span class="ag-group-child-count" data-ref="eChildCount">(50)</span> </span>",
  "<span class="ag-cell-wrapper ag-row-group-leaf-indent ag-row-group-indent-2" style="--ag-indentation-level: 2;"> <span class="ag-group-expanded ag-hidden" data-ref="eExpanded" aria-hidden="true"><span class="ag-icon ag-icon-tree-open" role="presentation" unselectable="on"></span></span> <span class="ag-group-contracted ag-hidden" data-ref="eContracted" aria-hidden="true"><span class="ag-icon ag-icon-tree-closed" role="presentation" unselectable="on"></span></span> <span class="ag-group-checkbox ag-invisible" data-ref="eCheckbox"></span> <span class="ag-group-value" data-ref="eValue"></span> <span class="ag-group-child-count" data-ref="eChildCount">(50)</span> </span>",
  "<span class="ag-cell-wrapper ag-row-group-indent-2 ag-row-group-leaf-indent" style="--ag-indentation-level: 2;"> <span class="ag-group-expanded ag-hidden" data-ref="eExpanded"></span> <span class="ag-group-contracted ag-hidden" data-ref="eContracted"></span> <span class="ag-group-checkbox ag-invisible" data-ref="eCheckbox"></span> <span class="ag-group-value" data-ref="eValue">Total 2000</span> <span class="ag-group-child-count" data-ref="eChildCount"></span> </span>",
  "<span class="ag-cell-wrapper ag-cell-expandable ag-row-group ag-row-group-indent-1" style="--ag-indentation-level: 1;"> <span class="ag-group-expanded" data-ref="eExpanded" aria-hidden="false"><span class="ag-icon ag-icon-tree-open" role="presentation" unselectable="on"></span></span> <span class="ag-group-contracted ag-hidden" data-ref="eContracted" aria-hidden="true"><span class="ag-icon ag-icon-tree-closed" role="presentation" unselectable="on"></span></span> <span class="ag-group-checkbox ag-invisible" data-ref="eCheckbox"></span> <span class="ag-group-value" data-ref="eValue">2001</span> <span class="ag-group-child-count" data-ref="eChildCount">(50)</span> </span>",
  "<span class="ag-cell-wrapper ag-row-group-leaf-indent ag-row-group-indent-2" style="--ag-indentation-level: 2;"> <span class="ag-group-expanded ag-hidden" data-ref="eExpanded" aria-hidden="true"><span class="ag-icon ag-icon-tree-open" role="presentation" unselectable="on"></span></span> <span class="ag-group-contracted ag-hidden" data-ref="eContracted" aria-hidden="true"><span class="ag-icon ag-icon-tree-closed" role="presentation" unselectable="on"></span></span> <span class="ag-group-checkbox ag-invisible" data-ref="eCheckbox"></span> <span class="ag-group-value" data-ref="eValue"></span> <span class="ag-group-child-count" data-ref="eChildCount">(50)</span> </span>",
  "<span class="ag-cell-wrapper ag-row-group-indent-2 ag-row-group-leaf-indent" style="--ag-indentation-level: 2;"> <span class="ag-group-expanded ag-hidden" data-ref="eExpanded"></span> <span class="ag-group-contracted ag-hidden" data-ref="eContracted"></span> <span class="ag-group-checkbox ag-invisible" data-ref="eCheckbox"></span> <span class="ag-group-value" data-ref="eValue">Total 2001</span> <span class="ag-group-child-count" data-ref="eChildCount"></span> </span>",
  "<span class="ag-cell-wrapper ag-row-group-indent-1 ag-row-group-leaf-indent" style="--ag-indentation-level: 1;"> <span class="ag-group-expanded ag-hidden" data-ref="eExpanded"></span> <span class="ag-group-contracted ag-hidden" data-ref="eContracted"></span> <span class="ag-group-checkbox ag-invisible" data-ref="eCheckbox"></span> <span class="ag-group-value" data-ref="eValue">Total Italy</span> <span class="ag-group-child-count" data-ref="eChildCount"></span> </span>",
  "<span class="ag-cell-wrapper ag-cell-expandable ag-row-group ag-row-group-indent-0" style="--ag-indentation-level: 0;"> <span class="ag-group-expanded" data-ref="eExpanded" aria-hidden="false"><span class="ag-icon ag-icon-tree-open" role="presentation" unselectable="on"></span></span> <span class="ag-group-contracted ag-hidden" data-ref="eContracted" aria-hidden="true"><span class="ag-icon ag-icon-tree-closed" role="presentation" unselectable="on"></span></span> <span class="ag-group-checkbox ag-invisible" data-ref="eCheckbox"></span> <span class="ag-group-value" data-ref="eValue"></span> <span class="ag-group-child-count" data-ref="eChildCount">(50)</span> </span>",
  "<span class="ag-cell-wrapper ag-cell-expandable ag-row-group ag-row-group-indent-1" style="--ag-indentation-level: 1;"> <span class="ag-group-expanded" data-ref="eExpanded" aria-hidden="false"><span class="ag-icon ag-icon-tree-open" role="presentation" unselectable="on"></span></span> <span class="ag-group-contracted ag-hidden" data-ref="eContracted" aria-hidden="true"><span class="ag-icon ag-icon-tree-closed" role="presentation" unselectable="on"></span></span> <span class="ag-group-checkbox ag-invisible" data-ref="eCheckbox"></span> <span class="ag-group-value" data-ref="eValue">2000</span> <span class="ag-group-child-count" data-ref="eChildCount">(50)</span> </span>",
  "<span class="ag-cell-wrapper ag-row-group-leaf-indent ag-row-group-indent-2" style="--ag-indentation-level: 2;"> <span class="ag-group-expanded ag-hidden" data-ref="eExpanded" aria-hidden="true"><span class="ag-icon ag-icon-tree-open" role="presentation" unselectable="on"></span></span> <span class="ag-group-contracted ag-hidden" data-ref="eContracted" aria-hidden="true"><span class="ag-icon ag-icon-tree-closed" role="presentation" unselectable="on"></span></span> <span class="ag-group-checkbox ag-invisible" data-ref="eCheckbox"></span> <span class="ag-group-value" data-ref="eValue"></span> <span class="ag-group-child-count" data-ref="eChildCount">(50)</span> </span>",
  "<span class="ag-cell-wrapper ag-row-group-indent-2 ag-row-group-leaf-indent" style="--ag-indentation-level: 2;"> <span class="ag-group-expanded ag-hidden" data-ref="eExpanded"></span> <span class="ag-group-contracted ag-hidden" data-ref="eContracted"></span> <span class="ag-group-checkbox ag-invisible" data-ref="eCheckbox"></span> <span class="ag-group-value" data-ref="eValue">Total 2000</span> <span class="ag-group-child-count" data-ref="eChildCount"></span> </span>",
  "<span class="ag-cell-wrapper ag-cell-expandable ag-row-group ag-row-group-indent-1" style="--ag-indentation-level: 1;"> <span class="ag-group-expanded" data-ref="eExpanded" aria-hidden="false"><span class="ag-icon ag-icon-tree-open" role="presentation" unselectable="on"></span></span> <span class="ag-group-contracted ag-hidden" data-ref="eContracted" aria-hidden="true"><span class="ag-icon ag-icon-tree-closed" role="presentation" unselectable="on"></span></span> <span class="ag-group-checkbox ag-invisible" data-ref="eCheckbox"></span> <span class="ag-group-value" data-ref="eValue">2001</span> <span class="ag-group-child-count" data-ref="eChildCount">(50)</span> </span>",
  "<span class="ag-cell-wrapper ag-row-group-leaf-indent ag-row-group-indent-2" style="--ag-indentation-level: 2;"> <span class="ag-group-expanded ag-hidden" data-ref="eExpanded" aria-hidden="true"><span class="ag-icon ag-icon-tree-open" role="presentation" unselectable="on"></span></span> <span class="ag-group-contracted ag-hidden" data-ref="eContracted" aria-hidden="true"><span class="ag-icon ag-icon-tree-closed" role="presentation" unselectable="on"></span></span> <span class="ag-group-checkbox ag-invisible" data-ref="eCheckbox"></span> <span class="ag-group-value" data-ref="eValue"></span> <span class="ag-group-child-count" data-ref="eChildCount">(50)</span> </span>",
  "<span class="ag-cell-wrapper ag-row-group-indent-2 ag-row-group-leaf-indent" style="--ag-indentation-level: 2;"> <span class="ag-group-expanded ag-hidden" data-ref="eExpanded"></span> <span class="ag-group-contracted ag-hidden" data-ref="eContracted"></span> <span class="ag-group-checkbox ag-invisible" data-ref="eCheckbox"></span> <span class="ag-group-value" data-ref="eValue">Total 2001</span> <span class="ag-group-child-count" data-ref="eChildCount"></span> </span>",
  "<span class="ag-cell-wrapper ag-cell-expandable ag-row-group ag-row-group-indent-1" style="--ag-indentation-level: 1;"> <span class="ag-group-expanded" data-ref="eExpanded" aria-hidden="false"><span class="ag-icon ag-icon-tree-open" role="presentation" unselectable="on"></span></span> <span class="ag-group-contracted ag-hidden" data-ref="eContracted" aria-hidden="true"><span class="ag-icon ag-icon-tree-closed" role="presentation" unselectable="on"></span></span> <span class="ag-group-checkbox ag-invisible" data-ref="eCheckbox"></span> <span class="ag-group-value" data-ref="eValue"></span> <span class="ag-group-child-count" data-ref="eChildCount">(50)</span> </span>",
  "<span class="ag-cell-wrapper ag-row-group-leaf-indent ag-row-group-indent-2" style="--ag-indentation-level: 2;"> <span class="ag-group-expanded ag-hidden" data-ref="eExpanded" aria-hidden="true"><span class="ag-icon ag-icon-tree-open" role="presentation" unselectable="on"></span></span> <span class="ag-group-contracted ag-hidden" data-ref="eContracted" aria-hidden="true"><span class="ag-icon ag-icon-tree-closed" role="presentation" unselectable="on"></span></span> <span class="ag-group-checkbox ag-invisible" data-ref="eCheckbox"></span> <span class="ag-group-value" data-ref="eValue"></span> <span class="ag-group-child-count" data-ref="eChildCount">(50)</span> </span>",
  "<span class="ag-cell-wrapper ag-row-group-indent-2 ag-row-group-leaf-indent" style="--ag-indentation-level: 2;"> <span class="ag-group-expanded ag-hidden" data-ref="eExpanded"></span> <span class="ag-group-contracted ag-hidden" data-ref="eContracted"></span> <span class="ag-group-checkbox ag-invisible" data-ref="eCheckbox"></span> <span class="ag-group-value" data-ref="eValue">Total </span> <span class="ag-group-child-count" data-ref="eChildCount"></span> </span>",
  "<span class="ag-cell-wrapper ag-row-group-indent-1 ag-row-group-leaf-indent" style="--ag-indentation-level: 1;"> <span class="ag-group-expanded ag-hidden" data-ref="eExpanded"></span> <span class="ag-group-contracted ag-hidden" data-ref="eContracted"></span> <span class="ag-group-checkbox ag-invisible" data-ref="eCheckbox"></span> <span class="ag-group-value" data-ref="eValue">Total </span> <span class="ag-group-child-count" data-ref="eChildCount"></span> </span>",
]
`;

exports[`ag-grid tree data groupCellRenderer > with rowModelType=serverSide - master detail > masterDetail=true > autoGroupColumnDef.cellRendererParams.suppressCount=false 1`] = `
[
  "<span class="ag-cell-wrapper ag-cell-expandable ag-row-group ag-row-group-indent-0" style="--ag-indentation-level: 0;"> <span class="ag-group-expanded" data-ref="eExpanded" aria-hidden="false"><span class="ag-icon ag-icon-tree-open" role="presentation" unselectable="on"></span></span> <span class="ag-group-contracted ag-hidden" data-ref="eContracted" aria-hidden="true"><span class="ag-icon ag-icon-tree-closed" role="presentation" unselectable="on"></span></span> <span class="ag-group-checkbox ag-invisible" data-ref="eCheckbox"></span> <span class="ag-group-value" data-ref="eValue">Ireland</span> <span class="ag-group-child-count" data-ref="eChildCount">(50)</span> </span>",
  "<span class="ag-cell-wrapper ag-cell-expandable ag-row-group ag-row-group-indent-1" style="--ag-indentation-level: 1;"> <span class="ag-group-expanded" data-ref="eExpanded" aria-hidden="false"><span class="ag-icon ag-icon-tree-open" role="presentation" unselectable="on"></span></span> <span class="ag-group-contracted ag-hidden" data-ref="eContracted" aria-hidden="true"><span class="ag-icon ag-icon-tree-closed" role="presentation" unselectable="on"></span></span> <span class="ag-group-checkbox ag-invisible" data-ref="eCheckbox"></span> <span class="ag-group-value" data-ref="eValue">2000</span> <span class="ag-group-child-count" data-ref="eChildCount">(50)</span> </span>",
  "<span class="ag-cell-wrapper ag-row-group-leaf-indent ag-row-group-indent-2" style="--ag-indentation-level: 2;"> <span class="ag-group-expanded ag-hidden" data-ref="eExpanded" aria-hidden="true"><span class="ag-icon ag-icon-tree-open" role="presentation" unselectable="on"></span></span> <span class="ag-group-contracted ag-hidden" data-ref="eContracted" aria-hidden="true"><span class="ag-icon ag-icon-tree-closed" role="presentation" unselectable="on"></span></span> <span class="ag-group-checkbox ag-invisible" data-ref="eCheckbox"></span> <span class="ag-group-value" data-ref="eValue"></span> <span class="ag-group-child-count" data-ref="eChildCount">(50)</span> </span>",
  "<span class="ag-cell-wrapper ag-row-group-leaf-indent ag-row-group-indent-2" style="--ag-indentation-level: 2;"> <span class="ag-group-expanded ag-hidden" data-ref="eExpanded" aria-hidden="true"><span class="ag-icon ag-icon-tree-open" role="presentation" unselectable="on"></span></span> <span class="ag-group-contracted ag-hidden" data-ref="eContracted" aria-hidden="true"><span class="ag-icon ag-icon-tree-closed" role="presentation" unselectable="on"></span></span> <span class="ag-group-checkbox ag-invisible" data-ref="eCheckbox"></span> <span class="ag-group-value" data-ref="eValue"></span> <span class="ag-group-child-count" data-ref="eChildCount">(50)</span> </span>",
  "<span class="ag-cell-wrapper ag-row-group-indent-2 ag-row-group-leaf-indent" style="--ag-indentation-level: 2;"> <span class="ag-group-expanded ag-hidden" data-ref="eExpanded"></span> <span class="ag-group-contracted ag-hidden" data-ref="eContracted"></span> <span class="ag-group-checkbox ag-invisible" data-ref="eCheckbox"></span> <span class="ag-group-value" data-ref="eValue">Total 2000</span> <span class="ag-group-child-count" data-ref="eChildCount"></span> </span>",
  "<span class="ag-cell-wrapper ag-cell-expandable ag-row-group ag-row-group-indent-1" style="--ag-indentation-level: 1;"> <span class="ag-group-expanded" data-ref="eExpanded" aria-hidden="false"><span class="ag-icon ag-icon-tree-open" role="presentation" unselectable="on"></span></span> <span class="ag-group-contracted ag-hidden" data-ref="eContracted" aria-hidden="true"><span class="ag-icon ag-icon-tree-closed" role="presentation" unselectable="on"></span></span> <span class="ag-group-checkbox ag-invisible" data-ref="eCheckbox"></span> <span class="ag-group-value" data-ref="eValue"></span> <span class="ag-group-child-count" data-ref="eChildCount">(50)</span> </span>",
  "<span class="ag-cell-wrapper ag-row-group-leaf-indent ag-row-group-indent-2" style="--ag-indentation-level: 2;"> <span class="ag-group-expanded ag-hidden" data-ref="eExpanded" aria-hidden="true"><span class="ag-icon ag-icon-tree-open" role="presentation" unselectable="on"></span></span> <span class="ag-group-contracted ag-hidden" data-ref="eContracted" aria-hidden="true"><span class="ag-icon ag-icon-tree-closed" role="presentation" unselectable="on"></span></span> <span class="ag-group-checkbox ag-invisible" data-ref="eCheckbox"></span> <span class="ag-group-value" data-ref="eValue"></span> <span class="ag-group-child-count" data-ref="eChildCount">(50)</span> </span>",
  "<span class="ag-cell-wrapper ag-row-group-indent-2 ag-row-group-leaf-indent" style="--ag-indentation-level: 2;"> <span class="ag-group-expanded ag-hidden" data-ref="eExpanded"></span> <span class="ag-group-contracted ag-hidden" data-ref="eContracted"></span> <span class="ag-group-checkbox ag-invisible" data-ref="eCheckbox"></span> <span class="ag-group-value" data-ref="eValue">Total </span> <span class="ag-group-child-count" data-ref="eChildCount"></span> </span>",
  "<span class="ag-cell-wrapper ag-row-group-indent-1 ag-row-group-leaf-indent" style="--ag-indentation-level: 1;"> <span class="ag-group-expanded ag-hidden" data-ref="eExpanded"></span> <span class="ag-group-contracted ag-hidden" data-ref="eContracted"></span> <span class="ag-group-checkbox ag-invisible" data-ref="eCheckbox"></span> <span class="ag-group-value" data-ref="eValue">Total Ireland</span> <span class="ag-group-child-count" data-ref="eChildCount"></span> </span>",
  "<span class="ag-cell-wrapper ag-cell-expandable ag-row-group ag-row-group-indent-0" style="--ag-indentation-level: 0;"> <span class="ag-group-expanded" data-ref="eExpanded" aria-hidden="false"><span class="ag-icon ag-icon-tree-open" role="presentation" unselectable="on"></span></span> <span class="ag-group-contracted ag-hidden" data-ref="eContracted" aria-hidden="true"><span class="ag-icon ag-icon-tree-closed" role="presentation" unselectable="on"></span></span> <span class="ag-group-checkbox ag-invisible" data-ref="eCheckbox"></span> <span class="ag-group-value" data-ref="eValue">Italy</span> <span class="ag-group-child-count" data-ref="eChildCount">(50)</span> </span>",
  "<span class="ag-cell-wrapper ag-cell-expandable ag-row-group ag-row-group-indent-1" style="--ag-indentation-level: 1;"> <span class="ag-group-expanded" data-ref="eExpanded" aria-hidden="false"><span class="ag-icon ag-icon-tree-open" role="presentation" unselectable="on"></span></span> <span class="ag-group-contracted ag-hidden" data-ref="eContracted" aria-hidden="true"><span class="ag-icon ag-icon-tree-closed" role="presentation" unselectable="on"></span></span> <span class="ag-group-checkbox ag-invisible" data-ref="eCheckbox"></span> <span class="ag-group-value" data-ref="eValue">2000</span> <span class="ag-group-child-count" data-ref="eChildCount">(50)</span> </span>",
  "<span class="ag-cell-wrapper ag-row-group-leaf-indent ag-row-group-indent-2" style="--ag-indentation-level: 2;"> <span class="ag-group-expanded ag-hidden" data-ref="eExpanded" aria-hidden="true"><span class="ag-icon ag-icon-tree-open" role="presentation" unselectable="on"></span></span> <span class="ag-group-contracted ag-hidden" data-ref="eContracted" aria-hidden="true"><span class="ag-icon ag-icon-tree-closed" role="presentation" unselectable="on"></span></span> <span class="ag-group-checkbox ag-invisible" data-ref="eCheckbox"></span> <span class="ag-group-value" data-ref="eValue"></span> <span class="ag-group-child-count" data-ref="eChildCount">(50)</span> </span>",
  "<span class="ag-cell-wrapper ag-row-group-indent-2 ag-row-group-leaf-indent" style="--ag-indentation-level: 2;"> <span class="ag-group-expanded ag-hidden" data-ref="eExpanded"></span> <span class="ag-group-contracted ag-hidden" data-ref="eContracted"></span> <span class="ag-group-checkbox ag-invisible" data-ref="eCheckbox"></span> <span class="ag-group-value" data-ref="eValue">Total 2000</span> <span class="ag-group-child-count" data-ref="eChildCount"></span> </span>",
  "<span class="ag-cell-wrapper ag-cell-expandable ag-row-group ag-row-group-indent-1" style="--ag-indentation-level: 1;"> <span class="ag-group-expanded" data-ref="eExpanded" aria-hidden="false"><span class="ag-icon ag-icon-tree-open" role="presentation" unselectable="on"></span></span> <span class="ag-group-contracted ag-hidden" data-ref="eContracted" aria-hidden="true"><span class="ag-icon ag-icon-tree-closed" role="presentation" unselectable="on"></span></span> <span class="ag-group-checkbox ag-invisible" data-ref="eCheckbox"></span> <span class="ag-group-value" data-ref="eValue">2001</span> <span class="ag-group-child-count" data-ref="eChildCount">(50)</span> </span>",
  "<span class="ag-cell-wrapper ag-row-group-leaf-indent ag-row-group-indent-2" style="--ag-indentation-level: 2;"> <span class="ag-group-expanded ag-hidden" data-ref="eExpanded" aria-hidden="true"><span class="ag-icon ag-icon-tree-open" role="presentation" unselectable="on"></span></span> <span class="ag-group-contracted ag-hidden" data-ref="eContracted" aria-hidden="true"><span class="ag-icon ag-icon-tree-closed" role="presentation" unselectable="on"></span></span> <span class="ag-group-checkbox ag-invisible" data-ref="eCheckbox"></span> <span class="ag-group-value" data-ref="eValue"></span> <span class="ag-group-child-count" data-ref="eChildCount">(50)</span> </span>",
  "<span class="ag-cell-wrapper ag-row-group-indent-2 ag-row-group-leaf-indent" style="--ag-indentation-level: 2;"> <span class="ag-group-expanded ag-hidden" data-ref="eExpanded"></span> <span class="ag-group-contracted ag-hidden" data-ref="eContracted"></span> <span class="ag-group-checkbox ag-invisible" data-ref="eCheckbox"></span> <span class="ag-group-value" data-ref="eValue">Total 2001</span> <span class="ag-group-child-count" data-ref="eChildCount"></span> </span>",
  "<span class="ag-cell-wrapper ag-row-group-indent-1 ag-row-group-leaf-indent" style="--ag-indentation-level: 1;"> <span class="ag-group-expanded ag-hidden" data-ref="eExpanded"></span> <span class="ag-group-contracted ag-hidden" data-ref="eContracted"></span> <span class="ag-group-checkbox ag-invisible" data-ref="eCheckbox"></span> <span class="ag-group-value" data-ref="eValue">Total Italy</span> <span class="ag-group-child-count" data-ref="eChildCount"></span> </span>",
  "<span class="ag-cell-wrapper ag-cell-expandable ag-row-group ag-row-group-indent-0" style="--ag-indentation-level: 0;"> <span class="ag-group-expanded" data-ref="eExpanded" aria-hidden="false"><span class="ag-icon ag-icon-tree-open" role="presentation" unselectable="on"></span></span> <span class="ag-group-contracted ag-hidden" data-ref="eContracted" aria-hidden="true"><span class="ag-icon ag-icon-tree-closed" role="presentation" unselectable="on"></span></span> <span class="ag-group-checkbox ag-invisible" data-ref="eCheckbox"></span> <span class="ag-group-value" data-ref="eValue"></span> <span class="ag-group-child-count" data-ref="eChildCount">(50)</span> </span>",
  "<span class="ag-cell-wrapper ag-cell-expandable ag-row-group ag-row-group-indent-1" style="--ag-indentation-level: 1;"> <span class="ag-group-expanded" data-ref="eExpanded" aria-hidden="false"><span class="ag-icon ag-icon-tree-open" role="presentation" unselectable="on"></span></span> <span class="ag-group-contracted ag-hidden" data-ref="eContracted" aria-hidden="true"><span class="ag-icon ag-icon-tree-closed" role="presentation" unselectable="on"></span></span> <span class="ag-group-checkbox ag-invisible" data-ref="eCheckbox"></span> <span class="ag-group-value" data-ref="eValue">2000</span> <span class="ag-group-child-count" data-ref="eChildCount">(50)</span> </span>",
  "<span class="ag-cell-wrapper ag-row-group-leaf-indent ag-row-group-indent-2" style="--ag-indentation-level: 2;"> <span class="ag-group-expanded ag-hidden" data-ref="eExpanded" aria-hidden="true"><span class="ag-icon ag-icon-tree-open" role="presentation" unselectable="on"></span></span> <span class="ag-group-contracted ag-hidden" data-ref="eContracted" aria-hidden="true"><span class="ag-icon ag-icon-tree-closed" role="presentation" unselectable="on"></span></span> <span class="ag-group-checkbox ag-invisible" data-ref="eCheckbox"></span> <span class="ag-group-value" data-ref="eValue"></span> <span class="ag-group-child-count" data-ref="eChildCount">(50)</span> </span>",
  "<span class="ag-cell-wrapper ag-row-group-indent-2 ag-row-group-leaf-indent" style="--ag-indentation-level: 2;"> <span class="ag-group-expanded ag-hidden" data-ref="eExpanded"></span> <span class="ag-group-contracted ag-hidden" data-ref="eContracted"></span> <span class="ag-group-checkbox ag-invisible" data-ref="eCheckbox"></span> <span class="ag-group-value" data-ref="eValue">Total 2000</span> <span class="ag-group-child-count" data-ref="eChildCount"></span> </span>",
  "<span class="ag-cell-wrapper ag-cell-expandable ag-row-group ag-row-group-indent-1" style="--ag-indentation-level: 1;"> <span class="ag-group-expanded" data-ref="eExpanded" aria-hidden="false"><span class="ag-icon ag-icon-tree-open" role="presentation" unselectable="on"></span></span> <span class="ag-group-contracted ag-hidden" data-ref="eContracted" aria-hidden="true"><span class="ag-icon ag-icon-tree-closed" role="presentation" unselectable="on"></span></span> <span class="ag-group-checkbox ag-invisible" data-ref="eCheckbox"></span> <span class="ag-group-value" data-ref="eValue">2001</span> <span class="ag-group-child-count" data-ref="eChildCount">(50)</span> </span>",
  "<span class="ag-cell-wrapper ag-row-group-leaf-indent ag-row-group-indent-2" style="--ag-indentation-level: 2;"> <span class="ag-group-expanded ag-hidden" data-ref="eExpanded" aria-hidden="true"><span class="ag-icon ag-icon-tree-open" role="presentation" unselectable="on"></span></span> <span class="ag-group-contracted ag-hidden" data-ref="eContracted" aria-hidden="true"><span class="ag-icon ag-icon-tree-closed" role="presentation" unselectable="on"></span></span> <span class="ag-group-checkbox ag-invisible" data-ref="eCheckbox"></span> <span class="ag-group-value" data-ref="eValue"></span> <span class="ag-group-child-count" data-ref="eChildCount">(50)</span> </span>",
  "<span class="ag-cell-wrapper ag-row-group-indent-2 ag-row-group-leaf-indent" style="--ag-indentation-level: 2;"> <span class="ag-group-expanded ag-hidden" data-ref="eExpanded"></span> <span class="ag-group-contracted ag-hidden" data-ref="eContracted"></span> <span class="ag-group-checkbox ag-invisible" data-ref="eCheckbox"></span> <span class="ag-group-value" data-ref="eValue">Total 2001</span> <span class="ag-group-child-count" data-ref="eChildCount"></span> </span>",
  "<span class="ag-cell-wrapper ag-cell-expandable ag-row-group ag-row-group-indent-1" style="--ag-indentation-level: 1;"> <span class="ag-group-expanded" data-ref="eExpanded" aria-hidden="false"><span class="ag-icon ag-icon-tree-open" role="presentation" unselectable="on"></span></span> <span class="ag-group-contracted ag-hidden" data-ref="eContracted" aria-hidden="true"><span class="ag-icon ag-icon-tree-closed" role="presentation" unselectable="on"></span></span> <span class="ag-group-checkbox ag-invisible" data-ref="eCheckbox"></span> <span class="ag-group-value" data-ref="eValue"></span> <span class="ag-group-child-count" data-ref="eChildCount">(50)</span> </span>",
  "<span class="ag-cell-wrapper ag-row-group-leaf-indent ag-row-group-indent-2" style="--ag-indentation-level: 2;"> <span class="ag-group-expanded ag-hidden" data-ref="eExpanded" aria-hidden="true"><span class="ag-icon ag-icon-tree-open" role="presentation" unselectable="on"></span></span> <span class="ag-group-contracted ag-hidden" data-ref="eContracted" aria-hidden="true"><span class="ag-icon ag-icon-tree-closed" role="presentation" unselectable="on"></span></span> <span class="ag-group-checkbox ag-invisible" data-ref="eCheckbox"></span> <span class="ag-group-value" data-ref="eValue"></span> <span class="ag-group-child-count" data-ref="eChildCount">(50)</span> </span>",
  "<span class="ag-cell-wrapper ag-row-group-indent-2 ag-row-group-leaf-indent" style="--ag-indentation-level: 2;"> <span class="ag-group-expanded ag-hidden" data-ref="eExpanded"></span> <span class="ag-group-contracted ag-hidden" data-ref="eContracted"></span> <span class="ag-group-checkbox ag-invisible" data-ref="eCheckbox"></span> <span class="ag-group-value" data-ref="eValue">Total </span> <span class="ag-group-child-count" data-ref="eChildCount"></span> </span>",
  "<span class="ag-cell-wrapper ag-row-group-indent-1 ag-row-group-leaf-indent" style="--ag-indentation-level: 1;"> <span class="ag-group-expanded ag-hidden" data-ref="eExpanded"></span> <span class="ag-group-contracted ag-hidden" data-ref="eContracted"></span> <span class="ag-group-checkbox ag-invisible" data-ref="eCheckbox"></span> <span class="ag-group-value" data-ref="eValue">Total </span> <span class="ag-group-child-count" data-ref="eChildCount"></span> </span>",
]
`;

exports[`ag-grid tree data groupCellRenderer > with rowModelType=serverSide - master detail > masterDetail=true > autoGroupColumnDef.cellRendererParams.suppressCount=true 1`] = `
[
  "<span class="ag-cell-wrapper ag-cell-expandable ag-row-group ag-row-group-indent-0" style="--ag-indentation-level: 0;"> <span class="ag-group-expanded" data-ref="eExpanded" aria-hidden="false"><span class="ag-icon ag-icon-tree-open" role="presentation" unselectable="on"></span></span> <span class="ag-group-contracted ag-hidden" data-ref="eContracted" aria-hidden="true"><span class="ag-icon ag-icon-tree-closed" role="presentation" unselectable="on"></span></span> <span class="ag-group-checkbox ag-invisible" data-ref="eCheckbox"></span> <span class="ag-group-value" data-ref="eValue">Ireland</span> <span class="ag-group-child-count" data-ref="eChildCount">(50)</span> </span>",
  "<span class="ag-cell-wrapper ag-cell-expandable ag-row-group ag-row-group-indent-1" style="--ag-indentation-level: 1;"> <span class="ag-group-expanded" data-ref="eExpanded" aria-hidden="false"><span class="ag-icon ag-icon-tree-open" role="presentation" unselectable="on"></span></span> <span class="ag-group-contracted ag-hidden" data-ref="eContracted" aria-hidden="true"><span class="ag-icon ag-icon-tree-closed" role="presentation" unselectable="on"></span></span> <span class="ag-group-checkbox ag-invisible" data-ref="eCheckbox"></span> <span class="ag-group-value" data-ref="eValue">2000</span> <span class="ag-group-child-count" data-ref="eChildCount">(50)</span> </span>",
  "<span class="ag-cell-wrapper ag-row-group-leaf-indent ag-row-group-indent-2" style="--ag-indentation-level: 2;"> <span class="ag-group-expanded ag-hidden" data-ref="eExpanded" aria-hidden="true"><span class="ag-icon ag-icon-tree-open" role="presentation" unselectable="on"></span></span> <span class="ag-group-contracted ag-hidden" data-ref="eContracted" aria-hidden="true"><span class="ag-icon ag-icon-tree-closed" role="presentation" unselectable="on"></span></span> <span class="ag-group-checkbox ag-invisible" data-ref="eCheckbox"></span> <span class="ag-group-value" data-ref="eValue"></span> <span class="ag-group-child-count" data-ref="eChildCount">(50)</span> </span>",
  "<span class="ag-cell-wrapper ag-row-group-leaf-indent ag-row-group-indent-2" style="--ag-indentation-level: 2;"> <span class="ag-group-expanded ag-hidden" data-ref="eExpanded" aria-hidden="true"><span class="ag-icon ag-icon-tree-open" role="presentation" unselectable="on"></span></span> <span class="ag-group-contracted ag-hidden" data-ref="eContracted" aria-hidden="true"><span class="ag-icon ag-icon-tree-closed" role="presentation" unselectable="on"></span></span> <span class="ag-group-checkbox ag-invisible" data-ref="eCheckbox"></span> <span class="ag-group-value" data-ref="eValue"></span> <span class="ag-group-child-count" data-ref="eChildCount">(50)</span> </span>",
  "<span class="ag-cell-wrapper ag-row-group-indent-2 ag-row-group-leaf-indent" style="--ag-indentation-level: 2;"> <span class="ag-group-expanded ag-hidden" data-ref="eExpanded"></span> <span class="ag-group-contracted ag-hidden" data-ref="eContracted"></span> <span class="ag-group-checkbox ag-invisible" data-ref="eCheckbox"></span> <span class="ag-group-value" data-ref="eValue">Total 2000</span> <span class="ag-group-child-count" data-ref="eChildCount"></span> </span>",
  "<span class="ag-cell-wrapper ag-cell-expandable ag-row-group ag-row-group-indent-1" style="--ag-indentation-level: 1;"> <span class="ag-group-expanded" data-ref="eExpanded" aria-hidden="false"><span class="ag-icon ag-icon-tree-open" role="presentation" unselectable="on"></span></span> <span class="ag-group-contracted ag-hidden" data-ref="eContracted" aria-hidden="true"><span class="ag-icon ag-icon-tree-closed" role="presentation" unselectable="on"></span></span> <span class="ag-group-checkbox ag-invisible" data-ref="eCheckbox"></span> <span class="ag-group-value" data-ref="eValue"></span> <span class="ag-group-child-count" data-ref="eChildCount">(50)</span> </span>",
  "<span class="ag-cell-wrapper ag-row-group-leaf-indent ag-row-group-indent-2" style="--ag-indentation-level: 2;"> <span class="ag-group-expanded ag-hidden" data-ref="eExpanded" aria-hidden="true"><span class="ag-icon ag-icon-tree-open" role="presentation" unselectable="on"></span></span> <span class="ag-group-contracted ag-hidden" data-ref="eContracted" aria-hidden="true"><span class="ag-icon ag-icon-tree-closed" role="presentation" unselectable="on"></span></span> <span class="ag-group-checkbox ag-invisible" data-ref="eCheckbox"></span> <span class="ag-group-value" data-ref="eValue"></span> <span class="ag-group-child-count" data-ref="eChildCount">(50)</span> </span>",
  "<span class="ag-cell-wrapper ag-row-group-indent-2 ag-row-group-leaf-indent" style="--ag-indentation-level: 2;"> <span class="ag-group-expanded ag-hidden" data-ref="eExpanded"></span> <span class="ag-group-contracted ag-hidden" data-ref="eContracted"></span> <span class="ag-group-checkbox ag-invisible" data-ref="eCheckbox"></span> <span class="ag-group-value" data-ref="eValue">Total </span> <span class="ag-group-child-count" data-ref="eChildCount"></span> </span>",
  "<span class="ag-cell-wrapper ag-row-group-indent-1 ag-row-group-leaf-indent" style="--ag-indentation-level: 1;"> <span class="ag-group-expanded ag-hidden" data-ref="eExpanded"></span> <span class="ag-group-contracted ag-hidden" data-ref="eContracted"></span> <span class="ag-group-checkbox ag-invisible" data-ref="eCheckbox"></span> <span class="ag-group-value" data-ref="eValue">Total Ireland</span> <span class="ag-group-child-count" data-ref="eChildCount"></span> </span>",
  "<span class="ag-cell-wrapper ag-cell-expandable ag-row-group ag-row-group-indent-0" style="--ag-indentation-level: 0;"> <span class="ag-group-expanded" data-ref="eExpanded" aria-hidden="false"><span class="ag-icon ag-icon-tree-open" role="presentation" unselectable="on"></span></span> <span class="ag-group-contracted ag-hidden" data-ref="eContracted" aria-hidden="true"><span class="ag-icon ag-icon-tree-closed" role="presentation" unselectable="on"></span></span> <span class="ag-group-checkbox ag-invisible" data-ref="eCheckbox"></span> <span class="ag-group-value" data-ref="eValue">Italy</span> <span class="ag-group-child-count" data-ref="eChildCount">(50)</span> </span>",
  "<span class="ag-cell-wrapper ag-cell-expandable ag-row-group ag-row-group-indent-1" style="--ag-indentation-level: 1;"> <span class="ag-group-expanded" data-ref="eExpanded" aria-hidden="false"><span class="ag-icon ag-icon-tree-open" role="presentation" unselectable="on"></span></span> <span class="ag-group-contracted ag-hidden" data-ref="eContracted" aria-hidden="true"><span class="ag-icon ag-icon-tree-closed" role="presentation" unselectable="on"></span></span> <span class="ag-group-checkbox ag-invisible" data-ref="eCheckbox"></span> <span class="ag-group-value" data-ref="eValue">2000</span> <span class="ag-group-child-count" data-ref="eChildCount">(50)</span> </span>",
  "<span class="ag-cell-wrapper ag-row-group-leaf-indent ag-row-group-indent-2" style="--ag-indentation-level: 2;"> <span class="ag-group-expanded ag-hidden" data-ref="eExpanded" aria-hidden="true"><span class="ag-icon ag-icon-tree-open" role="presentation" unselectable="on"></span></span> <span class="ag-group-contracted ag-hidden" data-ref="eContracted" aria-hidden="true"><span class="ag-icon ag-icon-tree-closed" role="presentation" unselectable="on"></span></span> <span class="ag-group-checkbox ag-invisible" data-ref="eCheckbox"></span> <span class="ag-group-value" data-ref="eValue"></span> <span class="ag-group-child-count" data-ref="eChildCount">(50)</span> </span>",
  "<span class="ag-cell-wrapper ag-row-group-indent-2 ag-row-group-leaf-indent" style="--ag-indentation-level: 2;"> <span class="ag-group-expanded ag-hidden" data-ref="eExpanded"></span> <span class="ag-group-contracted ag-hidden" data-ref="eContracted"></span> <span class="ag-group-checkbox ag-invisible" data-ref="eCheckbox"></span> <span class="ag-group-value" data-ref="eValue">Total 2000</span> <span class="ag-group-child-count" data-ref="eChildCount"></span> </span>",
  "<span class="ag-cell-wrapper ag-cell-expandable ag-row-group ag-row-group-indent-1" style="--ag-indentation-level: 1;"> <span class="ag-group-expanded" data-ref="eExpanded" aria-hidden="false"><span class="ag-icon ag-icon-tree-open" role="presentation" unselectable="on"></span></span> <span class="ag-group-contracted ag-hidden" data-ref="eContracted" aria-hidden="true"><span class="ag-icon ag-icon-tree-closed" role="presentation" unselectable="on"></span></span> <span class="ag-group-checkbox ag-invisible" data-ref="eCheckbox"></span> <span class="ag-group-value" data-ref="eValue">2001</span> <span class="ag-group-child-count" data-ref="eChildCount">(50)</span> </span>",
  "<span class="ag-cell-wrapper ag-row-group-leaf-indent ag-row-group-indent-2" style="--ag-indentation-level: 2;"> <span class="ag-group-expanded ag-hidden" data-ref="eExpanded" aria-hidden="true"><span class="ag-icon ag-icon-tree-open" role="presentation" unselectable="on"></span></span> <span class="ag-group-contracted ag-hidden" data-ref="eContracted" aria-hidden="true"><span class="ag-icon ag-icon-tree-closed" role="presentation" unselectable="on"></span></span> <span class="ag-group-checkbox ag-invisible" data-ref="eCheckbox"></span> <span class="ag-group-value" data-ref="eValue"></span> <span class="ag-group-child-count" data-ref="eChildCount">(50)</span> </span>",
  "<span class="ag-cell-wrapper ag-row-group-indent-2 ag-row-group-leaf-indent" style="--ag-indentation-level: 2;"> <span class="ag-group-expanded ag-hidden" data-ref="eExpanded"></span> <span class="ag-group-contracted ag-hidden" data-ref="eContracted"></span> <span class="ag-group-checkbox ag-invisible" data-ref="eCheckbox"></span> <span class="ag-group-value" data-ref="eValue">Total 2001</span> <span class="ag-group-child-count" data-ref="eChildCount"></span> </span>",
  "<span class="ag-cell-wrapper ag-row-group-indent-1 ag-row-group-leaf-indent" style="--ag-indentation-level: 1;"> <span class="ag-group-expanded ag-hidden" data-ref="eExpanded"></span> <span class="ag-group-contracted ag-hidden" data-ref="eContracted"></span> <span class="ag-group-checkbox ag-invisible" data-ref="eCheckbox"></span> <span class="ag-group-value" data-ref="eValue">Total Italy</span> <span class="ag-group-child-count" data-ref="eChildCount"></span> </span>",
  "<span class="ag-cell-wrapper ag-cell-expandable ag-row-group ag-row-group-indent-0" style="--ag-indentation-level: 0;"> <span class="ag-group-expanded" data-ref="eExpanded" aria-hidden="false"><span class="ag-icon ag-icon-tree-open" role="presentation" unselectable="on"></span></span> <span class="ag-group-contracted ag-hidden" data-ref="eContracted" aria-hidden="true"><span class="ag-icon ag-icon-tree-closed" role="presentation" unselectable="on"></span></span> <span class="ag-group-checkbox ag-invisible" data-ref="eCheckbox"></span> <span class="ag-group-value" data-ref="eValue"></span> <span class="ag-group-child-count" data-ref="eChildCount">(50)</span> </span>",
  "<span class="ag-cell-wrapper ag-cell-expandable ag-row-group ag-row-group-indent-1" style="--ag-indentation-level: 1;"> <span class="ag-group-expanded" data-ref="eExpanded" aria-hidden="false"><span class="ag-icon ag-icon-tree-open" role="presentation" unselectable="on"></span></span> <span class="ag-group-contracted ag-hidden" data-ref="eContracted" aria-hidden="true"><span class="ag-icon ag-icon-tree-closed" role="presentation" unselectable="on"></span></span> <span class="ag-group-checkbox ag-invisible" data-ref="eCheckbox"></span> <span class="ag-group-value" data-ref="eValue">2000</span> <span class="ag-group-child-count" data-ref="eChildCount">(50)</span> </span>",
  "<span class="ag-cell-wrapper ag-row-group-leaf-indent ag-row-group-indent-2" style="--ag-indentation-level: 2;"> <span class="ag-group-expanded ag-hidden" data-ref="eExpanded" aria-hidden="true"><span class="ag-icon ag-icon-tree-open" role="presentation" unselectable="on"></span></span> <span class="ag-group-contracted ag-hidden" data-ref="eContracted" aria-hidden="true"><span class="ag-icon ag-icon-tree-closed" role="presentation" unselectable="on"></span></span> <span class="ag-group-checkbox ag-invisible" data-ref="eCheckbox"></span> <span class="ag-group-value" data-ref="eValue"></span> <span class="ag-group-child-count" data-ref="eChildCount">(50)</span> </span>",
  "<span class="ag-cell-wrapper ag-row-group-indent-2 ag-row-group-leaf-indent" style="--ag-indentation-level: 2;"> <span class="ag-group-expanded ag-hidden" data-ref="eExpanded"></span> <span class="ag-group-contracted ag-hidden" data-ref="eContracted"></span> <span class="ag-group-checkbox ag-invisible" data-ref="eCheckbox"></span> <span class="ag-group-value" data-ref="eValue">Total 2000</span> <span class="ag-group-child-count" data-ref="eChildCount"></span> </span>",
  "<span class="ag-cell-wrapper ag-cell-expandable ag-row-group ag-row-group-indent-1" style="--ag-indentation-level: 1;"> <span class="ag-group-expanded" data-ref="eExpanded" aria-hidden="false"><span class="ag-icon ag-icon-tree-open" role="presentation" unselectable="on"></span></span> <span class="ag-group-contracted ag-hidden" data-ref="eContracted" aria-hidden="true"><span class="ag-icon ag-icon-tree-closed" role="presentation" unselectable="on"></span></span> <span class="ag-group-checkbox ag-invisible" data-ref="eCheckbox"></span> <span class="ag-group-value" data-ref="eValue">2001</span> <span class="ag-group-child-count" data-ref="eChildCount">(50)</span> </span>",
  "<span class="ag-cell-wrapper ag-row-group-leaf-indent ag-row-group-indent-2" style="--ag-indentation-level: 2;"> <span class="ag-group-expanded ag-hidden" data-ref="eExpanded" aria-hidden="true"><span class="ag-icon ag-icon-tree-open" role="presentation" unselectable="on"></span></span> <span class="ag-group-contracted ag-hidden" data-ref="eContracted" aria-hidden="true"><span class="ag-icon ag-icon-tree-closed" role="presentation" unselectable="on"></span></span> <span class="ag-group-checkbox ag-invisible" data-ref="eCheckbox"></span> <span class="ag-group-value" data-ref="eValue"></span> <span class="ag-group-child-count" data-ref="eChildCount">(50)</span> </span>",
  "<span class="ag-cell-wrapper ag-row-group-indent-2 ag-row-group-leaf-indent" style="--ag-indentation-level: 2;"> <span class="ag-group-expanded ag-hidden" data-ref="eExpanded"></span> <span class="ag-group-contracted ag-hidden" data-ref="eContracted"></span> <span class="ag-group-checkbox ag-invisible" data-ref="eCheckbox"></span> <span class="ag-group-value" data-ref="eValue">Total 2001</span> <span class="ag-group-child-count" data-ref="eChildCount"></span> </span>",
  "<span class="ag-cell-wrapper ag-cell-expandable ag-row-group ag-row-group-indent-1" style="--ag-indentation-level: 1;"> <span class="ag-group-expanded" data-ref="eExpanded" aria-hidden="false"><span class="ag-icon ag-icon-tree-open" role="presentation" unselectable="on"></span></span> <span class="ag-group-contracted ag-hidden" data-ref="eContracted" aria-hidden="true"><span class="ag-icon ag-icon-tree-closed" role="presentation" unselectable="on"></span></span> <span class="ag-group-checkbox ag-invisible" data-ref="eCheckbox"></span> <span class="ag-group-value" data-ref="eValue"></span> <span class="ag-group-child-count" data-ref="eChildCount">(50)</span> </span>",
  "<span class="ag-cell-wrapper ag-row-group-leaf-indent ag-row-group-indent-2" style="--ag-indentation-level: 2;"> <span class="ag-group-expanded ag-hidden" data-ref="eExpanded" aria-hidden="true"><span class="ag-icon ag-icon-tree-open" role="presentation" unselectable="on"></span></span> <span class="ag-group-contracted ag-hidden" data-ref="eContracted" aria-hidden="true"><span class="ag-icon ag-icon-tree-closed" role="presentation" unselectable="on"></span></span> <span class="ag-group-checkbox ag-invisible" data-ref="eCheckbox"></span> <span class="ag-group-value" data-ref="eValue"></span> <span class="ag-group-child-count" data-ref="eChildCount">(50)</span> </span>",
  "<span class="ag-cell-wrapper ag-row-group-indent-2 ag-row-group-leaf-indent" style="--ag-indentation-level: 2;"> <span class="ag-group-expanded ag-hidden" data-ref="eExpanded"></span> <span class="ag-group-contracted ag-hidden" data-ref="eContracted"></span> <span class="ag-group-checkbox ag-invisible" data-ref="eCheckbox"></span> <span class="ag-group-value" data-ref="eValue">Total </span> <span class="ag-group-child-count" data-ref="eChildCount"></span> </span>",
  "<span class="ag-cell-wrapper ag-row-group-indent-1 ag-row-group-leaf-indent" style="--ag-indentation-level: 1;"> <span class="ag-group-expanded ag-hidden" data-ref="eExpanded"></span> <span class="ag-group-contracted ag-hidden" data-ref="eContracted"></span> <span class="ag-group-checkbox ag-invisible" data-ref="eCheckbox"></span> <span class="ag-group-value" data-ref="eValue">Total </span> <span class="ag-group-child-count" data-ref="eChildCount"></span> </span>",
]
`;
